Archive member included to satisfy reference by file (symbol)

d:/stm32cubeide_1.7.0/stm32cubeide/plugins/com.st.stm32cube.ide.mcu.externaltools.gnu-tools-for-stm32.9-2020-q2-update.win32_2.0.0.202105311346/tools/bin/../lib/gcc/arm-none-eabi/9.3.1/../../../../arm-none-eabi/lib/thumb/v7e-m+fp/hard\libc_nano.a(lib_a-errno.o)
                              ./Core/Src/syscalls.o (__errno)
d:/stm32cubeide_1.7.0/stm32cubeide/plugins/com.st.stm32cube.ide.mcu.externaltools.gnu-tools-for-stm32.9-2020-q2-update.win32_2.0.0.202105311346/tools/bin/../lib/gcc/arm-none-eabi/9.3.1/../../../../arm-none-eabi/lib/thumb/v7e-m+fp/hard\libc_nano.a(lib_a-exit.o)
                              d:/stm32cubeide_1.7.0/stm32cubeide/plugins/com.st.stm32cube.ide.mcu.externaltools.gnu-tools-for-stm32.9-2020-q2-update.win32_2.0.0.202105311346/tools/bin/../lib/gcc/arm-none-eabi/9.3.1/../../../../arm-none-eabi/lib/thumb/v7e-m+fp/hard/crt0.o (exit)
d:/stm32cubeide_1.7.0/stm32cubeide/plugins/com.st.stm32cube.ide.mcu.externaltools.gnu-tools-for-stm32.9-2020-q2-update.win32_2.0.0.202105311346/tools/bin/../lib/gcc/arm-none-eabi/9.3.1/../../../../arm-none-eabi/lib/thumb/v7e-m+fp/hard\libc_nano.a(lib_a-impure.o)
                              d:/stm32cubeide_1.7.0/stm32cubeide/plugins/com.st.stm32cube.ide.mcu.externaltools.gnu-tools-for-stm32.9-2020-q2-update.win32_2.0.0.202105311346/tools/bin/../lib/gcc/arm-none-eabi/9.3.1/../../../../arm-none-eabi/lib/thumb/v7e-m+fp/hard\libc_nano.a(lib_a-exit.o) (_global_impure_ptr)
d:/stm32cubeide_1.7.0/stm32cubeide/plugins/com.st.stm32cube.ide.mcu.externaltools.gnu-tools-for-stm32.9-2020-q2-update.win32_2.0.0.202105311346/tools/bin/../lib/gcc/arm-none-eabi/9.3.1/../../../../arm-none-eabi/lib/thumb/v7e-m+fp/hard\libc_nano.a(lib_a-init.o)
                              d:/stm32cubeide_1.7.0/stm32cubeide/plugins/com.st.stm32cube.ide.mcu.externaltools.gnu-tools-for-stm32.9-2020-q2-update.win32_2.0.0.202105311346/tools/bin/../lib/gcc/arm-none-eabi/9.3.1/../../../../arm-none-eabi/lib/thumb/v7e-m+fp/hard/crt0.o (__libc_init_array)
d:/stm32cubeide_1.7.0/stm32cubeide/plugins/com.st.stm32cube.ide.mcu.externaltools.gnu-tools-for-stm32.9-2020-q2-update.win32_2.0.0.202105311346/tools/bin/../lib/gcc/arm-none-eabi/9.3.1/../../../../arm-none-eabi/lib/thumb/v7e-m+fp/hard\libc_nano.a(lib_a-memset.o)
                              d:/stm32cubeide_1.7.0/stm32cubeide/plugins/com.st.stm32cube.ide.mcu.externaltools.gnu-tools-for-stm32.9-2020-q2-update.win32_2.0.0.202105311346/tools/bin/../lib/gcc/arm-none-eabi/9.3.1/../../../../arm-none-eabi/lib/thumb/v7e-m+fp/hard/crt0.o (memset)
d:/stm32cubeide_1.7.0/stm32cubeide/plugins/com.st.stm32cube.ide.mcu.externaltools.gnu-tools-for-stm32.9-2020-q2-update.win32_2.0.0.202105311346/tools/bin/../lib/gcc/arm-none-eabi/9.3.1/../../../../arm-none-eabi/lib/thumb/v7e-m+fp/hard\libc_nano.a(lib_a-sprintf.o)
                              ./Core/Src/traffic.o (sprintf)
d:/stm32cubeide_1.7.0/stm32cubeide/plugins/com.st.stm32cube.ide.mcu.externaltools.gnu-tools-for-stm32.9-2020-q2-update.win32_2.0.0.202105311346/tools/bin/../lib/gcc/arm-none-eabi/9.3.1/../../../../arm-none-eabi/lib/thumb/v7e-m+fp/hard\libc_nano.a(lib_a-strlen.o)
                              ./Core/Src/lcd.o (strlen)
d:/stm32cubeide_1.7.0/stm32cubeide/plugins/com.st.stm32cube.ide.mcu.externaltools.gnu-tools-for-stm32.9-2020-q2-update.win32_2.0.0.202105311346/tools/bin/../lib/gcc/arm-none-eabi/9.3.1/../../../../arm-none-eabi/lib/thumb/v7e-m+fp/hard\libc_nano.a(lib_a-nano-svfprintf.o)
                              d:/stm32cubeide_1.7.0/stm32cubeide/plugins/com.st.stm32cube.ide.mcu.externaltools.gnu-tools-for-stm32.9-2020-q2-update.win32_2.0.0.202105311346/tools/bin/../lib/gcc/arm-none-eabi/9.3.1/../../../../arm-none-eabi/lib/thumb/v7e-m+fp/hard\libc_nano.a(lib_a-sprintf.o) (_svfprintf_r)
d:/stm32cubeide_1.7.0/stm32cubeide/plugins/com.st.stm32cube.ide.mcu.externaltools.gnu-tools-for-stm32.9-2020-q2-update.win32_2.0.0.202105311346/tools/bin/../lib/gcc/arm-none-eabi/9.3.1/../../../../arm-none-eabi/lib/thumb/v7e-m+fp/hard\libc_nano.a(lib_a-nano-vfprintf_i.o)
                              d:/stm32cubeide_1.7.0/stm32cubeide/plugins/com.st.stm32cube.ide.mcu.externaltools.gnu-tools-for-stm32.9-2020-q2-update.win32_2.0.0.202105311346/tools/bin/../lib/gcc/arm-none-eabi/9.3.1/../../../../arm-none-eabi/lib/thumb/v7e-m+fp/hard\libc_nano.a(lib_a-nano-svfprintf.o) (_printf_i)
d:/stm32cubeide_1.7.0/stm32cubeide/plugins/com.st.stm32cube.ide.mcu.externaltools.gnu-tools-for-stm32.9-2020-q2-update.win32_2.0.0.202105311346/tools/bin/../lib/gcc/arm-none-eabi/9.3.1/../../../../arm-none-eabi/lib/thumb/v7e-m+fp/hard\libc_nano.a(lib_a-memchr.o)
                              d:/stm32cubeide_1.7.0/stm32cubeide/plugins/com.st.stm32cube.ide.mcu.externaltools.gnu-tools-for-stm32.9-2020-q2-update.win32_2.0.0.202105311346/tools/bin/../lib/gcc/arm-none-eabi/9.3.1/../../../../arm-none-eabi/lib/thumb/v7e-m+fp/hard\libc_nano.a(lib_a-nano-svfprintf.o) (memchr)
[...]
Memory Configuration

Name             Origin             Length             Attributes
CCMRAM           0x0000000010000000 0x0000000000010000 xrw
RAM              0x0000000020000000 0x0000000000020000 xrw
FLASH            0x0000000008000000 0x0000000000100000 xr
*default*        0x0000000000000000 0xffffffffffffffff

Linker script and memory map

LOAD d:/stm32cubeide_1.7.0/stm32cubeide/plugins/com.st.stm32cube.ide.mcu.externaltools.gnu-tools-for-stm32.9-2020-q2-update.win32_2.0.0.202105311346/tools/bin/../lib/gcc/arm-none-eabi/9.3.1/thumb/v7e-m+fp/hard/crti.o
LOAD d:/stm32cubeide_1.7.0/stm32cubeide/plugins/com.st.stm32cube.ide.mcu.externaltools.gnu-tools-for-stm32.9-2020-q2-update.win32_2.0.0.202105311346/tools/bin/../lib/gcc/arm-none-eabi/9.3.1/thumb/v7e-m+fp/hard/crtbegin.o
LOAD d:/stm32cubeide_1.7.0/stm32cubeide/plugins/com.st.stm32cube.ide.mcu.externaltools.gnu-tools-for-stm32.9-2020-q2-update.win32_2.0.0.202105311346/tools/bin/../lib/gcc/arm-none-eabi/9.3.1/../../../../arm-none-eabi/lib/thumb/v7e-m+fp/hard/crt0.o
LOAD ./Core/Src/button.o
LOAD ./Core/Src/fsmc.o
LOAD ./Core/Src/gpio.o
LOAD ./Core/Src/lcd.o
LOAD ./Core/Src/led_7seg.o
LOAD ./Core/Src/main.o
LOAD ./Core/Src/picture.o
LOAD ./Core/Src/software_timer.o
LOAD ./Core/Src/spi.o
LOAD ./Core/Src/stm32f4xx_hal_msp.o
LOAD ./Core/Src/stm32f4xx_it.o
LOAD ./Core/Src/syscalls.o
LOAD ./Core/Src/sysmem.o
LOAD ./Core/Src/system_stm32f4xx.o
LOAD ./Core/Src/tim.o
LOAD ./Core/Src/traffic.o
LOAD ./Core/Startup/startup_stm32f407zetx.o
LOAD ./Drivers/STM32F4xx_HAL_Driver/Src/stm32f4xx_hal.o
LOAD ./Drivers/STM32F4xx_HAL_Driver/Src/stm32f4xx_hal_cortex.o
LOAD ./Drivers/STM32F4xx_HAL_Driver/Src/stm32f4xx_hal_dma.o
LOAD ./Drivers/STM32F4xx_HAL_Driver/Src/stm32f4xx_hal_dma_ex.o
LOAD ./Drivers/STM32F4xx_HAL_Driver/Src/stm32f4xx_hal_exti.o
LOAD ./Drivers/STM32F4xx_HAL_Driver/Src/stm32f4xx_hal_flash.o
LOAD ./Drivers/STM32F4xx_HAL_Driver/Src/stm32f4xx_hal_flash_ex.o
LOAD ./Drivers/STM32F4xx_HAL_Driver/Src/stm32f4xx_hal_flash_ramfunc.o
LOAD ./Drivers/STM32F4xx_HAL_Driver/Src/stm32f4xx_hal_gpio.o
LOAD ./Drivers/STM32F4xx_HAL_Driver/Src/stm32f4xx_hal_pwr.o
LOAD ./Drivers/STM32F4xx_HAL_Driver/Src/stm32f4xx_hal_pwr_ex.o
LOAD ./Drivers/STM32F4xx_HAL_Driver/Src/stm32f4xx_hal_rcc.o
LOAD ./Drivers/STM32F4xx_HAL_Driver/Src/stm32f4xx_hal_rcc_ex.o
LOAD ./Drivers/STM32F4xx_HAL_Driver/Src/stm32f4xx_hal_spi.o
LOAD ./Drivers/STM32F4xx_HAL_Driver/Src/stm32f4xx_hal_sram.o
LOAD ./Drivers/STM32F4xx_HAL_Driver/Src/stm32f4xx_hal_tim.o
LOAD ./Drivers/STM32F4xx_HAL_Driver/Src/stm32f4xx_hal_tim_ex.o
LOAD ./Drivers/STM32F4xx_HAL_Driver/Src/stm32f4xx_ll_fsmc.o
START GROUP
LOAD d:/stm32cubeide_1.7.0/stm32cubeide/plugins/com.st.stm32cube.ide.mcu.externaltools.gnu-tools-for-stm32.9-2020-q2-update.win32_2.0.0.202105311346/tools/bin/../lib/gcc/arm-none-eabi/9.3.1/../../../../arm-none-eabi/lib/thumb/v7e-m+fp/hard\libc_nano.a
LOAD d:/stm32cubeide_1.7.0/stm32cubeide/plugins/com.st.stm32cube.ide.mcu.externaltools.gnu-tools-for-stm32.9-2020-q2-update.win32_2.0.0.202105311346/tools/bin/../lib/gcc/arm-none-eabi/9.3.1/../../../../arm-none-eabi/lib/thumb/v7e-m+fp/hard\libm.a
END GROUP
START GROUP
LOAD d:/stm32cubeide_1.7.0/stm32cubeide/plugins/com.st.stm32cube.ide.mcu.externaltools.gnu-tools-for-stm32.9-2020-q2-update.win32_2.0.0.202105311346/tools/bin/../lib/gcc/arm-none-eabi/9.3.1/thumb/v7e-m+fp/hard\libgcc.a
LOAD d:/stm32cubeide_1.7.0/stm32cubeide/plugins/com.st.stm32cube.ide.mcu.externaltools.gnu-tools-for-stm32.9-2020-q2-update.win32_2.0.0.202105311346/tools/bin/../lib/gcc/arm-none-eabi/9.3.1/../../../../arm-none-eabi/lib/thumb/v7e-m+fp/hard\libc_nano.a
END GROUP
START GROUP
LOAD d:/stm32cubeide_1.7.0/stm32cubeide/plugins/com.st.stm32cube.ide.mcu.externaltools.gnu-tools-for-stm32.9-2020-q2-update.win32_2.0.0.202105311346/tools/bin/../lib/gcc/arm-none-eabi/9.3.1/thumb/v7e-m+fp/hard\libgcc.a
LOAD d:/stm32cubeide_1.7.0/stm32cubeide/plugins/com.st.stm32cube.ide.mcu.externaltools.gnu-tools-for-stm32.9-2020-q2-update.win32_2.0.0.202105311346/tools/bin/../lib/gcc/arm-none-eabi/9.3.1/../../../../arm-none-eabi/lib/thumb/v7e-m+fp/hard\libc_nano.a
LOAD d:/stm32cubeide_1.7.0/stm32cubeide/plugins/com.st.stm32cube.ide.mcu.externaltools.gnu-tools-for-stm32.9-2020-q2-update.win32_2.0.0.202105311346/tools/bin/../lib/gcc/arm-none-eabi/9.3.1/../../../../arm-none-eabi/lib/thumb/v7e-m+fp/hard\libnosys.a
END GROUP
START GROUP
LOAD d:/stm32cubeide_1.7.0/stm32cubeide/plugins/com.st.stm32cube.ide.mcu.externaltools.gnu-tools-for-stm32.9-2020-q2-update.win32_2.0.0.202105311346/tools/bin/../lib/gcc/arm-none-eabi/9.3.1/thumb/v7e-m+fp/hard\libgcc.a
LOAD d:/stm32cubeide_1.7.0/stm32cubeide/plugins/com.st.stm32cube.ide.mcu.externaltools.gnu-tools-for-stm32.9-2020-q2-update.win32_2.0.0.202105311346/tools/bin/../lib/gcc/arm-none-eabi/9.3.1/../../../../arm-none-eabi/lib/thumb/v7e-m+fp/hard\libc_nano.a
LOAD d:/stm32cubeide_1.7.0/stm32cubeide/plugins/com.st.stm32cube.ide.mcu.externaltools.gnu-tools-for-stm32.9-2020-q2-update.win32_2.0.0.202105311346/tools/bin/../lib/gcc/arm-none-eabi/9.3.1/../../../../arm-none-eabi/lib/thumb/v7e-m+fp/hard\libnosys.a
END GROUP
LOAD d:/stm32cubeide_1.7.0/stm32cubeide/plugins/com.st.stm32cube.ide.mcu.externaltools.gnu-tools-for-stm32.9-2020-q2-update.win32_2.0.0.202105311346/tools/bin/../lib/gcc/arm-none-eabi/9.3.1/thumb/v7e-m+fp/hard/crtend.o
LOAD d:/stm32cubeide_1.7.0/stm32cubeide/plugins/com.st.stm32cube.ide.mcu.externaltools.gnu-tools-for-stm32.9-2020-q2-update.win32_2.0.0.202105311346/tools/bin/../lib/gcc/arm-none-eabi/9.3.1/thumb/v7e-m+fp/hard/crtn.o
                0x0000000020020000                _estack = (ORIGIN (RAM) + LENGTH (RAM))
                0x0000000000000200                _Min_Heap_Size = 0x200
                0x0000000000000400                _Min_Stack_Size = 0x400

.isr_vector     0x0000000008000000      0x188
                0x0000000008000000                . = ALIGN (0x4)
 *(.isr_vector)
 .isr_vector    0x0000000008000000      0x188 ./Core/Startup/startup_stm32f407zetx.o
                0x0000000008000000                g_pfnVectors
                0x0000000008000188                . = ALIGN (0x4)

.text           0x0000000008000190     0x4c38
                0x0000000008000190                . = ALIGN (0x4)
 *(.text)
 .text          0x0000000008000190       0x40 d:/stm32cubeide_1.7.0/stm32cubeide/plugins/com.st.stm32cube.ide.mcu.externaltools.gnu-tools-for-stm32.9-2020-q2-update.win32_2.0.0.202105311346/tools/bin/../lib/gcc/arm-none-eabi/9.3.1/thumb/v7e-m+fp/hard/crtbegin.o
 .text          0x00000000080001d0       0xa0 d:/stm32cubeide_1.7.0/stm32cubeide/plugins/com.st.stm32cube.ide.mcu.externaltools.gnu-tools-for-stm32.9-2020-q2-update.win32_2.0.0.202105311346/tools/bin/../lib/gcc/arm-none-eabi/9.3.1/../../../../arm-none-eabi/lib/thumb/v7e-m+fp/hard\libc_nano.a(lib_a-memchr.o)
                0x00000000080001d0                memchr
 .text          0x0000000008000270       0x30 d:/stm32cubeide_1.7.0/stm32cubeide/plugins/com.st.stm32cube.ide.mcu.externaltools.gnu-tools-for-stm32.9-2020-q2-update.win32_2.0.0.202105311346/tools/bin/../lib/gcc/arm-none-eabi/9.3.1/thumb/v7e-m+fp/hard\libgcc.a(_aeabi_uldivmod.o)
                0x0000000008000270                __aeabi_uldivmod
 .text          0x00000000080002a0      0x2c4 d:/stm32cubeide_1.7.0/stm32cubeide/plugins/com.st.stm32cube.ide.mcu.externaltools.gnu-tools-for-stm32.9-2020-q2-update.win32_2.0.0.202105311346/tools/bin/../lib/gcc/arm-none-eabi/9.3.1/thumb/v7e-m+fp/hard\libgcc.a(_udivmoddi4.o)
                0x00000000080002a0                __udivmoddi4
 .text          0x0000000008000564        0x4 d:/stm32cubeide_1.7.0/stm32cubeide/plugins/com.st.stm32cube.ide.mcu.externaltools.gnu-tools-for-stm32.9-2020-q2-update.win32_2.0.0.202105311346/tools/bin/../lib/gcc/arm-none-eabi/9.3.1/thumb/v7e-m+fp/hard\libgcc.a(_dvmd_tls.o)
                0x0000000008000564                __aeabi_idiv0
                0x0000000008000564                __aeabi_ldiv0
 *(.text*)
 .text.button_init
                0x0000000008000568       0x18 ./Core/Src/button.o
                0x0000000008000568                button_init
 .text.button_Scan
                0x0000000008000580       0xd8 ./Core/Src/button.o
                0x0000000008000580                button_Scan
 .text.MX_FSMC_Init
                0x0000000008000658       0xf4 ./Core/Src/fsmc.o
                0x0000000008000658                MX_FSMC_Init
 .text.HAL_FSMC_MspInit
                0x000000000800074c       0x98 ./Core/Src/fsmc.o
 .text.HAL_SRAM_MspInit
                0x00000000080007e4       0x14 ./Core/Src/fsmc.o
                0x00000000080007e4                HAL_SRAM_MspInit
 .text.MX_GPIO_Init
                0x00000000080007f8      0x1f0 ./Core/Src/gpio.o
                0x00000000080007f8                MX_GPIO_Init
 .text.LCD_WR_REG
                0x00000000080009e8       0x20 ./Core/Src/lcd.o
                0x00000000080009e8                LCD_WR_REG
 .text.LCD_WR_DATA
                0x0000000008000a08       0x20 ./Core/Src/lcd.o
 .text.LCD_RD_DATA
                0x0000000008000a28       0x24 ./Core/Src/lcd.o
 .text.lcd_AddressSet
                0x0000000008000a4c       0x98 ./Core/Src/lcd.o
                0x0000000008000a4c                lcd_AddressSet
 .text.lcd_Clear
                0x0000000008000ae4       0x64 ./Core/Src/lcd.o
                0x0000000008000ae4                lcd_Clear
 .text.lcd_Fill
                0x0000000008000b48       0x6c ./Core/Src/lcd.o
                0x0000000008000b48                lcd_Fill
 .text.lcd_DrawPoint
                0x0000000008000bb4       0x2e ./Core/Src/lcd.o
                0x0000000008000bb4                lcd_DrawPoint
 *fill*         0x0000000008000be2        0x2 
 .text.lcd_ShowChar
                0x0000000008000be4      0x1a0 ./Core/Src/lcd.o
                0x0000000008000be4                lcd_ShowChar
 .text.lcd_SetDir
                0x0000000008000d84       0x48 ./Core/Src/lcd.o
                0x0000000008000d84                lcd_SetDir
 .text.lcd_init
                0x0000000008000dcc      0x2c0 ./Core/Src/lcd.o
                0x0000000008000dcc                lcd_init
 .text._draw_circle_8
                0x000000000800108c      0x116 ./Core/Src/lcd.o
 .text.lcd_DrawCircle
                0x00000000080011a2       0xd8 ./Core/Src/lcd.o
                0x00000000080011a2                lcd_DrawCircle
 *fill*         0x000000000800127a        0x2 
 .text.lcd_ShowStr
                0x000000000800127c       0xc8 ./Core/Src/lcd.o
                0x000000000800127c                lcd_ShowStr
 .text.led7_init
                0x0000000008001344       0x18 ./Core/Src/led_7seg.o
                0x0000000008001344                led7_init
 .text.led7_Scan
                0x000000000800135c      0x118 ./Core/Src/led_7seg.o
                0x000000000800135c                led7_Scan
 .text.main     0x0000000008001474       0x48 ./Core/Src/main.o
                0x0000000008001474                main
 .text.SystemClock_Config
                0x00000000080014bc       0xd4 ./Core/Src/main.o
                0x00000000080014bc                SystemClock_Config
 .text.system_init
                0x0000000008001590       0x40 ./Core/Src/main.o
                0x0000000008001590                system_init
 .text.Error_Handler
                0x00000000080015d0        0xa ./Core/Src/main.o
                0x00000000080015d0                Error_Handler
 *fill*         0x00000000080015da        0x2 
 .text.timer_init
                0x00000000080015dc       0x14 ./Core/Src/software_timer.o
                0x00000000080015dc                timer_init
 .text.setTimer2
                0x00000000080015f0       0x38 ./Core/Src/software_timer.o
                0x00000000080015f0                setTimer2
 .text.HAL_TIM_PeriodElapsedCallback
                0x0000000008001628       0x54 ./Core/Src/software_timer.o
                0x0000000008001628                HAL_TIM_PeriodElapsedCallback
 .text.MX_SPI1_Init
                0x000000000800167c       0x6c ./Core/Src/spi.o
                0x000000000800167c                MX_SPI1_Init
 .text.HAL_SPI_MspInit
                0x00000000080016e8       0x90 ./Core/Src/spi.o
                0x00000000080016e8                HAL_SPI_MspInit
 .text.HAL_MspInit
                0x0000000008001778       0x50 ./Core/Src/stm32f4xx_hal_msp.o
                0x0000000008001778                HAL_MspInit
 .text.NMI_Handler
                0x00000000080017c8        0x6 ./Core/Src/stm32f4xx_it.o
                0x00000000080017c8                NMI_Handler
 .text.HardFault_Handler
                0x00000000080017ce        0x6 ./Core/Src/stm32f4xx_it.o
                0x00000000080017ce                HardFault_Handler
 .text.MemManage_Handler
                0x00000000080017d4        0x6 ./Core/Src/stm32f4xx_it.o
                0x00000000080017d4                MemManage_Handler
 .text.BusFault_Handler
                0x00000000080017da        0x6 ./Core/Src/stm32f4xx_it.o
                0x00000000080017da                BusFault_Handler
 .text.UsageFault_Handler
                0x00000000080017e0        0x6 ./Core/Src/stm32f4xx_it.o
                0x00000000080017e0                UsageFault_Handler
 .text.SVC_Handler
                0x00000000080017e6        0xe ./Core/Src/stm32f4xx_it.o
                0x00000000080017e6                SVC_Handler
 .text.DebugMon_Handler
                0x00000000080017f4        0xe ./Core/Src/stm32f4xx_it.o
                0x00000000080017f4                DebugMon_Handler
 .text.PendSV_Handler
                0x0000000008001802        0xe ./Core/Src/stm32f4xx_it.o
                0x0000000008001802                PendSV_Handler
 .text.SysTick_Handler
                0x0000000008001810        0xc ./Core/Src/stm32f4xx_it.o
                0x0000000008001810                SysTick_Handler
 .text.TIM2_IRQHandler
                0x000000000800181c       0x14 ./Core/Src/stm32f4xx_it.o
                0x000000000800181c                TIM2_IRQHandler
 .text._sbrk    0x0000000008001830       0x6c ./Core/Src/sysmem.o
                0x0000000008001830                _sbrk
 .text.SystemInit
                0x000000000800189c       0x24 ./Core/Src/system_stm32f4xx.o
                0x000000000800189c                SystemInit
 .text.MX_TIM2_Init
                0x00000000080018c0       0x98 ./Core/Src/tim.o
                0x00000000080018c0                MX_TIM2_Init
 .text.HAL_TIM_Base_MspInit
                0x0000000008001958       0x4c ./Core/Src/tim.o
                0x0000000008001958                HAL_TIM_Base_MspInit
 .text.draw_light
                0x00000000080019a4       0x38 ./Core/Src/traffic.o
                0x00000000080019a4                draw_light
 .text.show_mode
                0x00000000080019dc       0xa0 ./Core/Src/traffic.o
                0x00000000080019dc                show_mode
 .text.show_value
                0x0000000008001a7c       0x64 ./Core/Src/traffic.o
                0x0000000008001a7c                show_value
 .text.show_lights
                0x0000000008001ae0       0xf0 ./Core/Src/traffic.o
                0x0000000008001ae0                show_lights
 .text.traffic_run
                0x0000000008001bd0      0x314 ./Core/Src/traffic.o
                0x0000000008001bd0                traffic_run
 .text.Reset_Handler
                0x0000000008001ee4       0x50 ./Core/Startup/startup_stm32f407zetx.o
                0x0000000008001ee4                Reset_Handler
 .text.Default_Handler
                0x0000000008001f34        0x2 ./Core/Startup/startup_stm32f407zetx.o
                0x0000000008001f34                RTC_Alarm_IRQHandler
                0x0000000008001f34                HASH_RNG_IRQHandler
                0x0000000008001f34                EXTI2_IRQHandler
                0x0000000008001f34                TIM8_CC_IRQHandler
                0x0000000008001f34                TIM1_CC_IRQHandler
                0x0000000008001f34                DMA2_Stream5_IRQHandler
                0x0000000008001f34                DMA1_Stream5_IRQHandler
                0x0000000008001f34                PVD_IRQHandler
                0x0000000008001f34                SDIO_IRQHandler
                0x0000000008001f34                TAMP_STAMP_IRQHandler
                0x0000000008001f34                CAN2_RX1_IRQHandler
                0x0000000008001f34                EXTI3_IRQHandler
                0x0000000008001f34                TIM8_TRG_COM_TIM14_IRQHandler
                0x0000000008001f34                TIM1_UP_TIM10_IRQHandler
                0x0000000008001f34                TIM8_UP_TIM13_IRQHandler
                0x0000000008001f34                I2C3_ER_IRQHandler
                0x0000000008001f34                EXTI0_IRQHandler
                0x0000000008001f34                I2C2_EV_IRQHandler
                0x0000000008001f34                DMA1_Stream2_IRQHandler
                0x0000000008001f34                CAN1_RX0_IRQHandler
                0x0000000008001f34                FPU_IRQHandler
                0x0000000008001f34                OTG_HS_WKUP_IRQHandler
                0x0000000008001f34                CAN2_SCE_IRQHandler
                0x0000000008001f34                DMA2_Stream2_IRQHandler
                0x0000000008001f34                SPI1_IRQHandler
                0x0000000008001f34                TIM6_DAC_IRQHandler
                0x0000000008001f34                TIM1_BRK_TIM9_IRQHandler
                0x0000000008001f34                DCMI_IRQHandler
                0x0000000008001f34                CAN2_RX0_IRQHandler
                0x0000000008001f34                DMA2_Stream3_IRQHandler
                0x0000000008001f34                USART6_IRQHandler
                0x0000000008001f34                USART3_IRQHandler
                0x0000000008001f34                CAN1_RX1_IRQHandler
                0x0000000008001f34                UART5_IRQHandler
                0x0000000008001f34                DMA2_Stream0_IRQHandler
                0x0000000008001f34                TIM4_IRQHandler
                0x0000000008001f34                I2C1_EV_IRQHandler
                0x0000000008001f34                DMA1_Stream6_IRQHandler
                0x0000000008001f34                DMA1_Stream1_IRQHandler
                0x0000000008001f34                UART4_IRQHandler
                0x0000000008001f34                TIM3_IRQHandler
                0x0000000008001f34                RCC_IRQHandler
                0x0000000008001f34                TIM8_BRK_TIM12_IRQHandler
                0x0000000008001f34                Default_Handler
                0x0000000008001f34                EXTI15_10_IRQHandler
                0x0000000008001f34                ADC_IRQHandler
                0x0000000008001f34                DMA1_Stream7_IRQHandler
                0x0000000008001f34                TIM7_IRQHandler
                0x0000000008001f34                CAN2_TX_IRQHandler
                0x0000000008001f34                TIM5_IRQHandler
                0x0000000008001f34                DMA2_Stream7_IRQHandler
                0x0000000008001f34                I2C3_EV_IRQHandler
                0x0000000008001f34                EXTI9_5_IRQHandler
                0x0000000008001f34                RTC_WKUP_IRQHandler
                0x0000000008001f34                ETH_WKUP_IRQHandler
                0x0000000008001f34                SPI2_IRQHandler
                0x0000000008001f34                OTG_HS_EP1_IN_IRQHandler
                0x0000000008001f34                DMA1_Stream0_IRQHandler
                0x0000000008001f34                CAN1_TX_IRQHandler
                0x0000000008001f34                EXTI4_IRQHandler
                0x0000000008001f34                FSMC_IRQHandler
                0x0000000008001f34                ETH_IRQHandler
                0x0000000008001f34                OTG_HS_EP1_OUT_IRQHandler
                0x0000000008001f34                WWDG_IRQHandler
                0x0000000008001f34                OTG_FS_WKUP_IRQHandler
                0x0000000008001f34                TIM1_TRG_COM_TIM11_IRQHandler
                0x0000000008001f34                OTG_HS_IRQHandler
                0x0000000008001f34                EXTI1_IRQHandler
                0x0000000008001f34                USART2_IRQHandler
                0x0000000008001f34                I2C2_ER_IRQHandler
                0x0000000008001f34                DMA2_Stream1_IRQHandler
                0x0000000008001f34                CAN1_SCE_IRQHandler
                0x0000000008001f34                FLASH_IRQHandler
                0x0000000008001f34                DMA2_Stream4_IRQHandler
                0x0000000008001f34                USART1_IRQHandler
                0x0000000008001f34                OTG_FS_IRQHandler
                0x0000000008001f34                SPI3_IRQHandler
                0x0000000008001f34                DMA1_Stream4_IRQHandler
                0x0000000008001f34                I2C1_ER_IRQHandler
                0x0000000008001f34                DMA2_Stream6_IRQHandler
                0x0000000008001f34                DMA1_Stream3_IRQHandler
 *fill*         0x0000000008001f36        0x2 
 .text.HAL_Init
                0x0000000008001f38       0x44 ./Drivers/STM32F4xx_HAL_Driver/Src/stm32f4xx_hal.o
                0x0000000008001f38                HAL_Init
 .text.HAL_InitTick
                0x0000000008001f7c       0x60 ./Drivers/STM32F4xx_HAL_Driver/Src/stm32f4xx_hal.o
                0x0000000008001f7c                HAL_InitTick
 .text.HAL_IncTick
                0x0000000008001fdc       0x28 ./Drivers/STM32F4xx_HAL_Driver/Src/stm32f4xx_hal.o
                0x0000000008001fdc                HAL_IncTick
 .text.HAL_GetTick
                0x0000000008002004       0x18 ./Drivers/STM32F4xx_HAL_Driver/Src/stm32f4xx_hal.o
                0x0000000008002004                HAL_GetTick
 .text.HAL_Delay
                0x000000000800201c       0x48 ./Drivers/STM32F4xx_HAL_Driver/Src/stm32f4xx_hal.o
                0x000000000800201c                HAL_Delay
 .text.__NVIC_SetPriorityGrouping
                0x0000000008002064       0x48 ./Drivers/STM32F4xx_HAL_Driver/Src/stm32f4xx_hal_cortex.o
 .text.__NVIC_GetPriorityGrouping
                0x00000000080020ac       0x1c ./Drivers/STM32F4xx_HAL_Driver/Src/stm32f4xx_hal_cortex.o
 .text.__NVIC_EnableIRQ
                0x00000000080020c8       0x3c ./Drivers/STM32F4xx_HAL_Driver/Src/stm32f4xx_hal_cortex.o
 .text.__NVIC_SetPriority
                0x0000000008002104       0x54 ./Drivers/STM32F4xx_HAL_Driver/Src/stm32f4xx_hal_cortex.o
 .text.NVIC_EncodePriority
                0x0000000008002158       0x66 ./Drivers/STM32F4xx_HAL_Driver/Src/stm32f4xx_hal_cortex.o
 *fill*         0x00000000080021be        0x2 
 .text.SysTick_Config
                0x00000000080021c0       0x44 ./Drivers/STM32F4xx_HAL_Driver/Src/stm32f4xx_hal_cortex.o
 .text.HAL_NVIC_SetPriorityGrouping
                0x0000000008002204       0x16 ./Drivers/STM32F4xx_HAL_Driver/Src/stm32f4xx_hal_cortex.o
                0x0000000008002204                HAL_NVIC_SetPriorityGrouping
 .text.HAL_NVIC_SetPriority
                0x000000000800221a       0x38 ./Drivers/STM32F4xx_HAL_Driver/Src/stm32f4xx_hal_cortex.o
                0x000000000800221a                HAL_NVIC_SetPriority
 .text.HAL_NVIC_EnableIRQ
                0x0000000008002252       0x1c ./Drivers/STM32F4xx_HAL_Driver/Src/stm32f4xx_hal_cortex.o
                0x0000000008002252                HAL_NVIC_EnableIRQ
 .text.HAL_SYSTICK_Config
                0x000000000800226e       0x18 ./Drivers/STM32F4xx_HAL_Driver/Src/stm32f4xx_hal_cortex.o
                0x000000000800226e                HAL_SYSTICK_Config
 *fill*         0x0000000008002286        0x2 
 .text.HAL_GPIO_Init
                0x0000000008002288      0x338 ./Drivers/STM32F4xx_HAL_Driver/Src/stm32f4xx_hal_gpio.o
                0x0000000008002288                HAL_GPIO_Init
 .text.HAL_GPIO_WritePin
                0x00000000080025c0       0x32 ./Drivers/STM32F4xx_HAL_Driver/Src/stm32f4xx_hal_gpio.o
                0x00000000080025c0                HAL_GPIO_WritePin
 *fill*         0x00000000080025f2        0x2 
 .text.HAL_RCC_OscConfig
                0x00000000080025f4      0x4f0 ./Drivers/STM32F4xx_HAL_Driver/Src/stm32f4xx_hal_rcc.o
                0x00000000080025f4                HAL_RCC_OscConfig
 .text.HAL_RCC_ClockConfig
                0x0000000008002ae4      0x1cc ./Drivers/STM32F4xx_HAL_Driver/Src/stm32f4xx_hal_rcc.o
                0x0000000008002ae4                HAL_RCC_ClockConfig
 .text.HAL_RCC_GetSysClockFreq
                0x0000000008002cb0      0x1c4 ./Drivers/STM32F4xx_HAL_Driver/Src/stm32f4xx_hal_rcc.o
                0x0000000008002cb0                HAL_RCC_GetSysClockFreq
 .text.HAL_SPI_Init
                0x0000000008002e74      0x112 ./Drivers/STM32F4xx_HAL_Driver/Src/stm32f4xx_hal_spi.o
                0x0000000008002e74                HAL_SPI_Init
 .text.HAL_SPI_Transmit
                0x0000000008002f86      0x278 ./Drivers/STM32F4xx_HAL_Driver/Src/stm32f4xx_hal_spi.o
                0x0000000008002f86                HAL_SPI_Transmit
 .text.HAL_SPI_Receive
                0x00000000080031fe      0x222 ./Drivers/STM32F4xx_HAL_Driver/Src/stm32f4xx_hal_spi.o
                0x00000000080031fe                HAL_SPI_Receive
 .text.HAL_SPI_TransmitReceive
                0x0000000008003420      0x344 ./Drivers/STM32F4xx_HAL_Driver/Src/stm32f4xx_hal_spi.o
                0x0000000008003420                HAL_SPI_TransmitReceive
 .text.SPI_WaitFlagStateUntilTimeout
                0x0000000008003764      0x110 ./Drivers/STM32F4xx_HAL_Driver/Src/stm32f4xx_hal_spi.o
 .text.SPI_EndRxTransaction
                0x0000000008003874       0xca ./Drivers/STM32F4xx_HAL_Driver/Src/stm32f4xx_hal_spi.o
 *fill*         0x000000000800393e        0x2 
 .text.SPI_EndRxTxTransaction
                0x0000000008003940       0x84 ./Drivers/STM32F4xx_HAL_Driver/Src/stm32f4xx_hal_spi.o
 .text.HAL_SRAM_Init
                0x00000000080039c4       0x88 ./Drivers/STM32F4xx_HAL_Driver/Src/stm32f4xx_hal_sram.o
                0x00000000080039c4                HAL_SRAM_Init
 .text.HAL_TIM_Base_Init
                0x0000000008003a4c       0x9e ./Drivers/STM32F4xx_HAL_Driver/Src/stm32f4xx_hal_tim.o
                0x0000000008003a4c                HAL_TIM_Base_Init
 *fill*         0x0000000008003aea        0x2 
 .text.HAL_TIM_Base_Start_IT
                0x0000000008003aec       0xe0 ./Drivers/STM32F4xx_HAL_Driver/Src/stm32f4xx_hal_tim.o
                0x0000000008003aec                HAL_TIM_Base_Start_IT
 .text.HAL_TIM_IRQHandler
                0x0000000008003bcc      0x210 ./Drivers/STM32F4xx_HAL_Driver/Src/stm32f4xx_hal_tim.o
                0x0000000008003bcc                HAL_TIM_IRQHandler
 .text.HAL_TIM_ConfigClockSource
                0x0000000008003ddc      0x18e ./Drivers/STM32F4xx_HAL_Driver/Src/stm32f4xx_hal_tim.o
                0x0000000008003ddc                HAL_TIM_ConfigClockSource
 .text.HAL_TIM_OC_DelayElapsedCallback
                0x0000000008003f6a       0x14 ./Drivers/STM32F4xx_HAL_Driver/Src/stm32f4xx_hal_tim.o
                0x0000000008003f6a                HAL_TIM_OC_DelayElapsedCallback
 .text.HAL_TIM_IC_CaptureCallback
                0x0000000008003f7e       0x14 ./Drivers/STM32F4xx_HAL_Driver/Src/stm32f4xx_hal_tim.o
                0x0000000008003f7e                HAL_TIM_IC_CaptureCallback
 .text.HAL_TIM_PWM_PulseFinishedCallback
                0x0000000008003f92       0x14 ./Drivers/STM32F4xx_HAL_Driver/Src/stm32f4xx_hal_tim.o
                0x0000000008003f92                HAL_TIM_PWM_PulseFinishedCallback
 .text.HAL_TIM_TriggerCallback
                0x0000000008003fa6       0x14 ./Drivers/STM32F4xx_HAL_Driver/Src/stm32f4xx_hal_tim.o
                0x0000000008003fa6                HAL_TIM_TriggerCallback
 *fill*         0x0000000008003fba        0x2 
 .text.TIM_Base_SetConfig
                0x0000000008003fbc      0x140 ./Drivers/STM32F4xx_HAL_Driver/Src/stm32f4xx_hal_tim.o
                0x0000000008003fbc                TIM_Base_SetConfig
 .text.TIM_TI1_ConfigInputStage
                0x00000000080040fc       0x5e ./Drivers/STM32F4xx_HAL_Driver/Src/stm32f4xx_hal_tim.o
 .text.TIM_TI2_ConfigInputStage
                0x000000000800415a       0x60 ./Drivers/STM32F4xx_HAL_Driver/Src/stm32f4xx_hal_tim.o
 .text.TIM_ITRx_SetConfig
                0x00000000080041ba       0x36 ./Drivers/STM32F4xx_HAL_Driver/Src/stm32f4xx_hal_tim.o
 .text.TIM_ETR_SetConfig
                0x00000000080041f0       0x40 ./Drivers/STM32F4xx_HAL_Driver/Src/stm32f4xx_hal_tim.o
                0x00000000080041f0                TIM_ETR_SetConfig
 .text.HAL_TIMEx_MasterConfigSynchronization
                0x0000000008004230       0xf8 ./Drivers/STM32F4xx_HAL_Driver/Src/stm32f4xx_hal_tim_ex.o
                0x0000000008004230                HAL_TIMEx_MasterConfigSynchronization
 .text.HAL_TIMEx_CommutCallback
                0x0000000008004328       0x14 ./Drivers/STM32F4xx_HAL_Driver/Src/stm32f4xx_hal_tim_ex.o
                0x0000000008004328                HAL_TIMEx_CommutCallback
 .text.HAL_TIMEx_BreakCallback
                0x000000000800433c       0x14 ./Drivers/STM32F4xx_HAL_Driver/Src/stm32f4xx_hal_tim_ex.o
                0x000000000800433c                HAL_TIMEx_BreakCallback
 .text.FSMC_NORSRAM_Init
                0x0000000008004350       0xa4 ./Drivers/STM32F4xx_HAL_Driver/Src/stm32f4xx_ll_fsmc.o
                0x0000000008004350                FSMC_NORSRAM_Init
 .text.FSMC_NORSRAM_Timing_Init
                0x00000000080043f4       0x7a ./Drivers/STM32F4xx_HAL_Driver/Src/stm32f4xx_ll_fsmc.o
                0x00000000080043f4                FSMC_NORSRAM_Timing_Init
 *fill*         0x000000000800446e        0x2 
 .text.FSMC_NORSRAM_Extended_Timing_Init
                0x0000000008004470       0x80 ./Drivers/STM32F4xx_HAL_Driver/Src/stm32f4xx_ll_fsmc.o
                0x0000000008004470                FSMC_NORSRAM_Extended_Timing_Init
 .text.__errno  0x00000000080044f0        0xc d:/stm32cubeide_1.7.0/stm32cubeide/plugins/com.st.stm32cube.ide.mcu.externaltools.gnu-tools-for-stm32.9-2020-q2-update.win32_2.0.0.202105311346/tools/bin/../lib/gcc/arm-none-eabi/9.3.1/../../../../arm-none-eabi/lib/thumb/v7e-m+fp/hard\libc_nano.a(lib_a-errno.o)
                0x00000000080044f0                __errno
 .text.__libc_init_array
                0x00000000080044fc       0x48 d:/stm32cubeide_1.7.0/stm32cubeide/plugins/com.st.stm32cube.ide.mcu.externaltools.gnu-tools-for-stm32.9-2020-q2-update.win32_2.0.0.202105311346/tools/bin/../lib/gcc/arm-none-eabi/9.3.1/../../../../arm-none-eabi/lib/thumb/v7e-m+fp/hard\libc_nano.a(lib_a-init.o)
                0x00000000080044fc                __libc_init_array
 .text.memset   0x0000000008004544       0x10 d:/stm32cubeide_1.7.0/stm32cubeide/plugins/com.st.stm32cube.ide.mcu.externaltools.gnu-tools-for-stm32.9-2020-q2-update.win32_2.0.0.202105311346/tools/bin/../lib/gcc/arm-none-eabi/9.3.1/../../../../arm-none-eabi/lib/thumb/v7e-m+fp/hard\libc_nano.a(lib_a-memset.o)
                0x0000000008004544                memset
 .text.sprintf  0x0000000008004554       0x40 d:/stm32cubeide_1.7.0/stm32cubeide/plugins/com.st.stm32cube.ide.mcu.externaltools.gnu-tools-for-stm32.9-2020-q2-update.win32_2.0.0.202105311346/tools/bin/../lib/gcc/arm-none-eabi/9.3.1/../../../../arm-none-eabi/lib/thumb/v7e-m+fp/hard\libc_nano.a(lib_a-sprintf.o)
                0x0000000008004554                siprintf
                0x0000000008004554                sprintf
 .text.__ssputs_r
                0x0000000008004594       0xb6 d:/stm32cubeide_1.7.0/stm32cubeide/plugins/com.st.stm32cube.ide.mcu.externaltools.gnu-tools-for-stm32.9-2020-q2-update.win32_2.0.0.202105311346/tools/bin/../lib/gcc/arm-none-eabi/9.3.1/../../../../arm-none-eabi/lib/thumb/v7e-m+fp/hard\libc_nano.a(lib_a-nano-svfprintf.o)
                0x0000000008004594                __ssputs_r
 *fill*         0x000000000800464a        0x2 
 .text._svfprintf_r
                0x000000000800464c      0x200 d:/stm32cubeide_1.7.0/stm32cubeide/plugins/com.st.stm32cube.ide.mcu.externaltools.gnu-tools-for-stm32.9-2020-q2-update.win32_2.0.0.202105311346/tools/bin/../lib/gcc/arm-none-eabi/9.3.1/../../../../arm-none-eabi/lib/thumb/v7e-m+fp/hard\libc_nano.a(lib_a-nano-svfprintf.o)
                0x000000000800464c                _svfiprintf_r
                0x000000000800464c                _svfprintf_r
 .text._printf_common
                0x000000000800484c       0xda d:/stm32cubeide_1.7.0/stm32cubeide/plugins/com.st.stm32cube.ide.mcu.externaltools.gnu-tools-for-stm32.9-2020-q2-update.win32_2.0.0.202105311346/tools/bin/../lib/gcc/arm-none-eabi/9.3.1/../../../../arm-none-eabi/lib/thumb/v7e-m+fp/hard\libc_nano.a(lib_a-nano-vfprintf_i.o)
                0x000000000800484c                _printf_common
 *fill*         0x0000000008004926        0x2 
 .text._printf_i
                0x0000000008004928      0x24c d:/stm32cubeide_1.7.0/stm32cubeide/plugins/com.st.stm32cube.ide.mcu.externaltools.gnu-tools-for-stm32.9-2020-q2-update.win32_2.0.0.202105311346/tools/bin/../lib/gcc/arm-none-eabi/9.3.1/../../../../arm-none-eabi/lib/thumb/v7e-m+fp/hard\libc_nano.a(lib_a-nano-vfprintf_i.o)
                0x0000000008004928                _printf_i
 .text.memcpy   0x0000000008004b74       0x1c d:/stm32cubeide_1.7.0/stm32cubeide/plugins/com.st.stm32cube.ide.mcu.externaltools.gnu-tools-for-stm32.9-2020-q2-update.win32_2.0.0.202105311346/tools/bin/../lib/gcc/arm-none-eabi/9.3.1/../../../../arm-none-eabi/lib/thumb/v7e-m+fp/hard\libc_nano.a(lib_a-memcpy-stub.o)
                0x0000000008004b74                memcpy
 .text.memmove  0x0000000008004b90       0x34 d:/stm32cubeide_1.7.0/stm32cubeide/plugins/com.st.stm32cube.ide.mcu.externaltools.gnu-tools-for-stm32.9-2020-q2-update.win32_2.0.0.202105311346/tools/bin/../lib/gcc/arm-none-eabi/9.3.1/../../../../arm-none-eabi/lib/thumb/v7e-m+fp/hard\libc_nano.a(lib_a-memmove.o)
                0x0000000008004b90                memmove
 .text._free_r  0x0000000008004bc4       0xa0 d:/stm32cubeide_1.7.0/stm32cubeide/plugins/com.st.stm32cube.ide.mcu.externaltools.gnu-tools-for-stm32.9-2020-q2-update.win32_2.0.0.202105311346/tools/bin/../lib/gcc/arm-none-eabi/9.3.1/../../../../arm-none-eabi/lib/thumb/v7e-m+fp/hard\libc_nano.a(lib_a-nano-freer.o)
                0x0000000008004bc4                _free_r
 .text._malloc_r
                0x0000000008004c64       0xb4 d:/stm32cubeide_1.7.0/stm32cubeide/plugins/com.st.stm32cube.ide.mcu.externaltools.gnu-tools-for-stm32.9-2020-q2-update.win32_2.0.0.202105311346/tools/bin/../lib/gcc/arm-none-eabi/9.3.1/../../../../arm-none-eabi/lib/thumb/v7e-m+fp/hard\libc_nano.a(lib_a-nano-mallocr.o)
                0x0000000008004c64                _malloc_r
 .text._realloc_r
                0x0000000008004d18       0x4c d:/stm32cubeide_1.7.0/stm32cubeide/plugins/com.st.stm32cube.ide.mcu.externaltools.gnu-tools-for-stm32.9-2020-q2-update.win32_2.0.0.202105311346/tools/bin/../lib/gcc/arm-none-eabi/9.3.1/../../../../arm-none-eabi/lib/thumb/v7e-m+fp/hard\libc_nano.a(lib_a-nano-reallocr.o)
                0x0000000008004d18                _realloc_r
 .text._sbrk_r  0x0000000008004d64       0x20 d:/stm32cubeide_1.7.0/stm32cubeide/plugins/com.st.stm32cube.ide.mcu.externaltools.gnu-tools-for-stm32.9-2020-q2-update.win32_2.0.0.202105311346/tools/bin/../lib/gcc/arm-none-eabi/9.3.1/../../../../arm-none-eabi/lib/thumb/v7e-m+fp/hard\libc_nano.a(lib_a-sbrkr.o)
                0x0000000008004d64                _sbrk_r
 .text.__malloc_lock
                0x0000000008004d84        0xc d:/stm32cubeide_1.7.0/stm32cubeide/plugins/com.st.stm32cube.ide.mcu.externaltools.gnu-tools-for-stm32.9-2020-q2-update.win32_2.0.0.202105311346/tools/bin/../lib/gcc/arm-none-eabi/9.3.1/../../../../arm-none-eabi/lib/thumb/v7e-m+fp/hard\libc_nano.a(lib_a-mlock.o)
                0x0000000008004d84                __malloc_lock
 .text.__malloc_unlock
                0x0000000008004d90        0xc d:/stm32cubeide_1.7.0/stm32cubeide/plugins/com.st.stm32cube.ide.mcu.externaltools.gnu-tools-for-stm32.9-2020-q2-update.win32_2.0.0.202105311346/tools/bin/../lib/gcc/arm-none-eabi/9.3.1/../../../../arm-none-eabi/lib/thumb/v7e-m+fp/hard\libc_nano.a(lib_a-mlock.o)
                0x0000000008004d90                __malloc_unlock
 .text._malloc_usable_size_r
                0x0000000008004d9c       0x10 d:/stm32cubeide_1.7.0/stm32cubeide/plugins/com.st.stm32cube.ide.mcu.externaltools.gnu-tools-for-stm32.9-2020-q2-update.win32_2.0.0.202105311346/tools/bin/../lib/gcc/arm-none-eabi/9.3.1/../../../../arm-none-eabi/lib/thumb/v7e-m+fp/hard\libc_nano.a(lib_a-nano-msizer.o)
                0x0000000008004d9c                _malloc_usable_size_r
 .text.__retarget_lock_acquire_recursive
                0x0000000008004dac        0x2 d:/stm32cubeide_1.7.0/stm32cubeide/plugins/com.st.stm32cube.ide.mcu.externaltools.gnu-tools-for-stm32.9-2020-q2-update.win32_2.0.0.202105311346/tools/bin/../lib/gcc/arm-none-eabi/9.3.1/../../../../arm-none-eabi/lib/thumb/v7e-m+fp/hard\libc_nano.a(lib_a-lock.o)
                0x0000000008004dac                __retarget_lock_acquire_recursive
 .text.__retarget_lock_release_recursive
                0x0000000008004dae        0x2 d:/stm32cubeide_1.7.0/stm32cubeide/plugins/com.st.stm32cube.ide.mcu.externaltools.gnu-tools-for-stm32.9-2020-q2-update.win32_2.0.0.202105311346/tools/bin/../lib/gcc/arm-none-eabi/9.3.1/../../../../arm-none-eabi/lib/thumb/v7e-m+fp/hard\libc_nano.a(lib_a-lock.o)
                0x0000000008004dae                __retarget_lock_release_recursive
 *(.glue_7)
 .glue_7        0x0000000008004db0        0x0 linker stubs
 *(.glue_7t)
 .glue_7t       0x0000000008004db0        0x0 linker stubs
 *(.eh_frame)
 .eh_frame      0x0000000008004db0        0x0 d:/stm32cubeide_1.7.0/stm32cubeide/plugins/com.st.stm32cube.ide.mcu.externaltools.gnu-tools-for-stm32.9-2020-q2-update.win32_2.0.0.202105311346/tools/bin/../lib/gcc/arm-none-eabi/9.3.1/thumb/v7e-m+fp/hard/crtbegin.o
 *(.init)
 .init          0x0000000008004db0        0x4 d:/stm32cubeide_1.7.0/stm32cubeide/plugins/com.st.stm32cube.ide.mcu.externaltools.gnu-tools-for-stm32.9-2020-q2-update.win32_2.0.0.202105311346/tools/bin/../lib/gcc/arm-none-eabi/9.3.1/thumb/v7e-m+fp/hard/crti.o
                0x0000000008004db0                _init
 .init          0x0000000008004db4        0x8 d:/stm32cubeide_1.7.0/stm32cubeide/plugins/com.st.stm32cube.ide.mcu.externaltools.gnu-tools-for-stm32.9-2020-q2-update.win32_2.0.0.202105311346/tools/bin/../lib/gcc/arm-none-eabi/9.3.1/thumb/v7e-m+fp/hard/crtn.o
 *(.fini)
 .fini          0x0000000008004dbc        0x4 d:/stm32cubeide_1.7.0/stm32cubeide/plugins/com.st.stm32cube.ide.mcu.externaltools.gnu-tools-for-stm32.9-2020-q2-update.win32_2.0.0.202105311346/tools/bin/../lib/gcc/arm-none-eabi/9.3.1/thumb/v7e-m+fp/hard/crti.o
                0x0000000008004dbc                _fini
 .fini          0x0000000008004dc0        0x8 d:/stm32cubeide_1.7.0/stm32cubeide/plugins/com.st.stm32cube.ide.mcu.externaltools.gnu-tools-for-stm32.9-2020-q2-update.win32_2.0.0.202105311346/tools/bin/../lib/gcc/arm-none-eabi/9.3.1/thumb/v7e-m+fp/hard/crtn.o
                0x0000000008004dc8                . = ALIGN (0x4)
                0x0000000008004dc8                _etext = .

.vfp11_veneer   0x0000000008004dc8        0x0
 .vfp11_veneer  0x0000000008004dc8        0x0 linker stubs

.v4_bx          0x0000000008004dc8        0x0
 .v4_bx         0x0000000008004dc8        0x0 linker stubs

.iplt           0x0000000008004dc8        0x0
 .iplt          0x0000000008004dc8        0x0 d:/stm32cubeide_1.7.0/stm32cubeide/plugins/com.st.stm32cube.ide.mcu.externaltools.gnu-tools-for-stm32.9-2020-q2-update.win32_2.0.0.202105311346/tools/bin/../lib/gcc/arm-none-eabi/9.3.1/thumb/v7e-m+fp/hard/crtbegin.o

.rodata         0x0000000008004dc8     0x3030
                0x0000000008004dc8                . = ALIGN (0x4)
 *(.rodata)
 .rodata        0x0000000008004dc8       0x6a ./Core/Src/traffic.o
 *(.rodata*)
 *fill*         0x0000000008004e32        0x2 
 .rodata.ascii_1608
                0x0000000008004e34      0x5f0 ./Core/Src/lcd.o
                0x0000000008004e34                ascii_1608
 .rodata.ascii_2412
                0x0000000008005424     0x11d0 ./Core/Src/lcd.o
                0x0000000008005424                ascii_2412
 .rodata.ascii_3216
                0x00000000080065f4     0x17c0 ./Core/Src/lcd.o
                0x00000000080065f4                ascii_3216
 .rodata.AHBPrescTable
                0x0000000008007db4       0x10 ./Core/Src/system_stm32f4xx.o
                0x0000000008007db4                AHBPrescTable
 .rodata._svfprintf_r.str1.1
                0x0000000008007dc4       0x11 d:/stm32cubeide_1.7.0/stm32cubeide/plugins/com.st.stm32cube.ide.mcu.externaltools.gnu-tools-for-stm32.9-2020-q2-update.win32_2.0.0.202105311346/tools/bin/../lib/gcc/arm-none-eabi/9.3.1/../../../../arm-none-eabi/lib/thumb/v7e-m+fp/hard\libc_nano.a(lib_a-nano-svfprintf.o)
 .rodata._printf_i.str1.1
                0x0000000008007dd5       0x22 d:/stm32cubeide_1.7.0/stm32cubeide/plugins/com.st.stm32cube.ide.mcu.externaltools.gnu-tools-for-stm32.9-2020-q2-update.win32_2.0.0.202105311346/tools/bin/../lib/gcc/arm-none-eabi/9.3.1/../../../../arm-none-eabi/lib/thumb/v7e-m+fp/hard\libc_nano.a(lib_a-nano-vfprintf_i.o)
                0x0000000008007df8                . = ALIGN (0x4)
 *fill*         0x0000000008007df7        0x1 

.ARM.extab      0x0000000008007df8        0x0
                0x0000000008007df8                . = ALIGN (0x4)
 *(.ARM.extab* .gnu.linkonce.armextab.*)
                0x0000000008007df8                . = ALIGN (0x4)

.ARM            0x0000000008007df8        0x8
                0x0000000008007df8                . = ALIGN (0x4)
                0x0000000008007df8                __exidx_start = .
 *(.ARM.exidx*)
 .ARM.exidx     0x0000000008007df8        0x8 d:/stm32cubeide_1.7.0/stm32cubeide/plugins/com.st.stm32cube.ide.mcu.externaltools.gnu-tools-for-stm32.9-2020-q2-update.win32_2.0.0.202105311346/tools/bin/../lib/gcc/arm-none-eabi/9.3.1/thumb/v7e-m+fp/hard\libgcc.a(_udivmoddi4.o)
                0x0000000008007e00                __exidx_end = .
                0x0000000008007e00                . = ALIGN (0x4)

.rel.dyn        0x0000000008007e00        0x0
 .rel.iplt      0x0000000008007e00        0x0 d:/stm32cubeide_1.7.0/stm32cubeide/plugins/com.st.stm32cube.ide.mcu.externaltools.gnu-tools-for-stm32.9-2020-q2-update.win32_2.0.0.202105311346/tools/bin/../lib/gcc/arm-none-eabi/9.3.1/thumb/v7e-m+fp/hard/crtbegin.o

.preinit_array  0x0000000008007e00        0x0
                0x0000000008007e00                . = ALIGN (0x4)
                0x0000000008007e00                PROVIDE (__preinit_array_start = .)
 *(.preinit_array*)
                0x0000000008007e00                PROVIDE (__preinit_array_end = .)
                0x0000000008007e00                . = ALIGN (0x4)

.init_array     0x0000000008007e00        0x4
                0x0000000008007e00                . = ALIGN (0x4)
                0x0000000008007e00                PROVIDE (__init_array_start = .)
 *(SORT_BY_NAME(.init_array.*))
 *(.init_array*)
 .init_array    0x0000000008007e00        0x4 d:/stm32cubeide_1.7.0/stm32cubeide/plugins/com.st.stm32cube.ide.mcu.externaltools.gnu-tools-for-stm32.9-2020-q2-update.win32_2.0.0.202105311346/tools/bin/../lib/gcc/arm-none-eabi/9.3.1/thumb/v7e-m+fp/hard/crtbegin.o
                0x0000000008007e04                PROVIDE (__init_array_end = .)
                0x0000000008007e04                . = ALIGN (0x4)

.fini_array     0x0000000008007e04        0x4
                0x0000000008007e04                . = ALIGN (0x4)
                [!provide]                        PROVIDE (__fini_array_start = .)
 *(SORT_BY_NAME(.fini_array.*))
 *(.fini_array*)
 .fini_array    0x0000000008007e04        0x4 d:/stm32cubeide_1.7.0/stm32cubeide/plugins/com.st.stm32cube.ide.mcu.externaltools.gnu-tools-for-stm32.9-2020-q2-update.win32_2.0.0.202105311346/tools/bin/../lib/gcc/arm-none-eabi/9.3.1/thumb/v7e-m+fp/hard/crtbegin.o
                [!provide]                        PROVIDE (__fini_array_end = .)
                0x0000000008007e08                . = ALIGN (0x4)
                0x0000000008007e08                _sidata = LOADADDR (.data)

.data           0x0000000020000000       0x8c load address 0x0000000008007e08
                0x0000000020000000                . = ALIGN (0x4)
                0x0000000020000000                _sdata = .
 *(.data)
 *(.data*)
 .data.led7seg  0x0000000020000000        0x4 ./Core/Src/led_7seg.o
                0x0000000020000000                led7seg
 .data.spi_buffer
                0x0000000020000004        0x2 ./Core/Src/led_7seg.o
                0x0000000020000004                spi_buffer
 *fill*         0x0000000020000006        0x2 
 .data.SystemCoreClock
                0x0000000020000008        0x4 ./Core/Src/system_stm32f4xx.o
                0x0000000020000008                SystemCoreClock
 .data.mode     0x000000002000000c        0x4 ./Core/Src/traffic.o
 .data.red_time
                0x0000000020000010        0x4 ./Core/Src/traffic.o
 .data.green_time
                0x0000000020000014        0x4 ./Core/Src/traffic.o
 .data.yellow_time
                0x0000000020000018        0x4 ./Core/Src/traffic.o
 .data.need_update.10184
                0x000000002000001c        0x4 ./Core/Src/traffic.o
 .data.uwTickPrio
                0x0000000020000020        0x4 ./Drivers/STM32F4xx_HAL_Driver/Src/stm32f4xx_hal.o
                0x0000000020000020                uwTickPrio
 .data.uwTickFreq
                0x0000000020000024        0x1 ./Drivers/STM32F4xx_HAL_Driver/Src/stm32f4xx_hal.o
                0x0000000020000024                uwTickFreq
 *fill*         0x0000000020000025        0x3 
 .data._impure_ptr
                0x0000000020000028        0x4 d:/stm32cubeide_1.7.0/stm32cubeide/plugins/com.st.stm32cube.ide.mcu.externaltools.gnu-tools-for-stm32.9-2020-q2-update.win32_2.0.0.202105311346/tools/bin/../lib/gcc/arm-none-eabi/9.3.1/../../../../arm-none-eabi/lib/thumb/v7e-m+fp/hard\libc_nano.a(lib_a-impure.o)
                0x0000000020000028                _impure_ptr
 .data.impure_data
                0x000000002000002c       0x60 d:/stm32cubeide_1.7.0/stm32cubeide/plugins/com.st.stm32cube.ide.mcu.externaltools.gnu-tools-for-stm32.9-2020-q2-update.win32_2.0.0.202105311346/tools/bin/../lib/gcc/arm-none-eabi/9.3.1/../../../../arm-none-eabi/lib/thumb/v7e-m+fp/hard\libc_nano.a(lib_a-impure.o)
 *(.RamFunc)
 *(.RamFunc*)
                0x000000002000008c                . = ALIGN (0x4)
                0x000000002000008c                _edata = .
                0x0000000008007e94                _siccmram = LOADADDR (.ccmram)

.igot.plt       0x000000002000008c        0x0 load address 0x0000000008007e94
 .igot.plt      0x000000002000008c        0x0 d:/stm32cubeide_1.7.0/stm32cubeide/plugins/com.st.stm32cube.ide.mcu.externaltools.gnu-tools-for-stm32.9-2020-q2-update.win32_2.0.0.202105311346/tools/bin/../lib/gcc/arm-none-eabi/9.3.1/thumb/v7e-m+fp/hard/crtbegin.o

.ccmram         0x0000000010000000        0x0 load address 0x0000000008007e94
                0x0000000010000000                . = ALIGN (0x4)
                0x0000000010000000                _sccmram = .
 *(.ccmram)
 *(.ccmram*)
                0x0000000010000000                . = ALIGN (0x4)
                0x0000000010000000                _eccmram = .
                0x0000000010000000                . = ALIGN (0x4)

.bss            0x000000002000008c      0x1a8
                0x000000002000008c                _sbss = .
                0x000000002000008c                __bss_start__ = _sbss
 *(.bss)
 .bss           0x000000002000008c       0x1c d:/stm32cubeide_1.7.0/stm32cubeide/plugins/com.st.stm32cube.ide.mcu.externaltools.gnu-tools-for-stm32.9-2020-q2-update.win32_2.0.0.202105311346/tools/bin/../lib/gcc/arm-none-eabi/9.3.1/thumb/v7e-m+fp/hard/crtbegin.o
 *(.bss*)
 .bss.spi_button
                0x00000000200000a8        0x2 ./Core/Src/button.o
                0x00000000200000a8                spi_button
 *fill*         0x00000000200000aa        0x2 
 .bss.FSMC_Initialized
                0x00000000200000ac        0x4 ./Core/Src/fsmc.o
 .bss.led7_index
                0x00000000200000b0        0x2 ./Core/Src/led_7seg.o
                0x00000000200000b0                led7_index
 .bss.flag_timer2
                0x00000000200000b2        0x2 ./Core/Src/software_timer.o
                0x00000000200000b2                flag_timer2
 .bss.timer2_counter
                0x00000000200000b4        0x2 ./Core/Src/software_timer.o
                0x00000000200000b4                timer2_counter
 .bss.timer2_MUL
                0x00000000200000b6        0x2 ./Core/Src/software_timer.o
                0x00000000200000b6                timer2_MUL
 .bss.__sbrk_heap_end
                0x00000000200000b8        0x4 ./Core/Src/sysmem.o
 .bss.state     0x00000000200000bc        0x4 ./Core/Src/traffic.o
 .bss.blink_ms.10182
                0x00000000200000c0        0x4 ./Core/Src/traffic.o
 .bss.blink.10181
                0x00000000200000c4        0x4 ./Core/Src/traffic.o
 .bss.counter_ms.10183
                0x00000000200000c8        0x4 ./Core/Src/traffic.o
 .bss.__malloc_free_list
                0x00000000200000cc        0x4 d:/stm32cubeide_1.7.0/stm32cubeide/plugins/com.st.stm32cube.ide.mcu.externaltools.gnu-tools-for-stm32.9-2020-q2-update.win32_2.0.0.202105311346/tools/bin/../lib/gcc/arm-none-eabi/9.3.1/../../../../arm-none-eabi/lib/thumb/v7e-m+fp/hard\libc_nano.a(lib_a-nano-mallocr.o)
                0x00000000200000cc                __malloc_free_list
 .bss.__malloc_sbrk_start
                0x00000000200000d0        0x4 d:/stm32cubeide_1.7.0/stm32cubeide/plugins/com.st.stm32cube.ide.mcu.externaltools.gnu-tools-for-stm32.9-2020-q2-update.win32_2.0.0.202105311346/tools/bin/../lib/gcc/arm-none-eabi/9.3.1/../../../../arm-none-eabi/lib/thumb/v7e-m+fp/hard\libc_nano.a(lib_a-nano-mallocr.o)
                0x00000000200000d0                __malloc_sbrk_start
 *(COMMON)
 COMMON         0x00000000200000d4       0x20 ./Core/Src/button.o
                0x00000000200000d4                button_count
 COMMON         0x00000000200000f4       0x50 ./Core/Src/fsmc.o
                0x00000000200000f4                hsram1
 COMMON         0x0000000020000144       0x3a ./Core/Src/lcd.o
                0x0000000020000144                lcddev
                0x000000002000014c                s
 *fill*         0x000000002000017e        0x2 
 COMMON         0x0000000020000180       0x58 ./Core/Src/spi.o
                0x0000000020000180                hspi1
 COMMON         0x00000000200001d8       0x48 ./Core/Src/tim.o
                0x00000000200001d8                htim2
 COMMON         0x0000000020000220        0x4 ./Drivers/STM32F4xx_HAL_Driver/Src/stm32f4xx_hal.o
                0x0000000020000220                uwTick
 COMMON         0x0000000020000224        0x4 d:/stm32cubeide_1.7.0/stm32cubeide/plugins/com.st.stm32cube.ide.mcu.externaltools.gnu-tools-for-stm32.9-2020-q2-update.win32_2.0.0.202105311346/tools/bin/../lib/gcc/arm-none-eabi/9.3.1/../../../../arm-none-eabi/lib/thumb/v7e-m+fp/hard\libc_nano.a(lib_a-reent.o)
                0x0000000020000224                errno
 COMMON         0x0000000020000228        0x9 d:/stm32cubeide_1.7.0/stm32cubeide/plugins/com.st.stm32cube.ide.mcu.externaltools.gnu-tools-for-stm32.9-2020-q2-update.win32_2.0.0.202105311346/tools/bin/../lib/gcc/arm-none-eabi/9.3.1/../../../../arm-none-eabi/lib/thumb/v7e-m+fp/hard\libc_nano.a(lib_a-lock.o)
                0x0000000020000228                __lock___atexit_recursive_mutex
                0x0000000020000229                __lock___arc4random_mutex
                0x000000002000022a                __lock___env_recursive_mutex
                0x000000002000022b                __lock___sinit_recursive_mutex
                0x000000002000022c                __lock___malloc_recursive_mutex
                0x000000002000022d                __lock___at_quick_exit_mutex
                0x000000002000022e                __lock___dd_hash_mutex
                0x000000002000022f                __lock___tz_mutex
                0x0000000020000230                __lock___sfp_recursive_mutex
                0x0000000020000234                . = ALIGN (0x4)
 *fill*         0x0000000020000231        0x3 
                0x0000000020000234                _ebss = .
                0x0000000020000234                __bss_end__ = _ebss

._user_heap_stack
                0x0000000020000234      0x604
                0x0000000020000238                . = ALIGN (0x8)
 *fill*         0x0000000020000234        0x4 
                [!provide]                        PROVIDE (end = .)
                0x0000000020000238                PROVIDE (_end = .)
                0x0000000020000438                . = (. + _Min_Heap_Size)
 *fill*         0x0000000020000238      0x200 
                0x0000000020000838                . = (. + _Min_Stack_Size)
 *fill*         0x0000000020000438      0x400 
                0x0000000020000838                . = ALIGN (0x8)

/DISCARD/
 libc.a(*)
 libm.a(*)
 libgcc.a(*)

.ARM.attributes
                0x0000000000000000       0x30
 *(.ARM.attributes)
 .ARM.attributes
                0x0000000000000000       0x1e d:/stm32cubeide_1.7.0/stm32cubeide/plugins/com.st.stm32cube.ide.mcu.externaltools.gnu-tools-for-stm32.9-2020-q2-update.win32_2.0.0.202105311346/tools/bin/../lib/gcc/arm-none-eabi/9.3.1/thumb/v7e-m+fp/hard/crti.o
 .ARM.attributes
                0x000000000000001e       0x34 d:/stm32cubeide_1.7.0/stm32cubeide/plugins/com.st.stm32cube.ide.mcu.externaltools.gnu-tools-for-stm32.9-2020-q2-update.win32_2.0.0.202105311346/tools/bin/../lib/gcc/arm-none-eabi/9.3.1/thumb/v7e-m+fp/hard/crtbegin.o
 .ARM.attributes
                0x0000000000000052       0x34 ./Core/Src/button.o
 .ARM.attributes
                0x0000000000000086       0x34 ./Core/Src/fsmc.o
 .ARM.attributes
                0x00000000000000ba       0x34 ./Core/Src/gpio.o
 .ARM.attributes
                0x00000000000000ee       0x34 ./Core/Src/lcd.o
 .ARM.attributes
                0x0000000000000122       0x34 ./Core/Src/led_7seg.o
 .ARM.attributes
                0x0000000000000156       0x34 ./Core/Src/main.o
 .ARM.attributes
                0x000000000000018a       0x34 ./Core/Src/software_timer.o
 .ARM.attributes
                0x00000000000001be       0x34 ./Core/Src/spi.o
 .ARM.attributes
                0x00000000000001f2       0x34 ./Core/Src/stm32f4xx_hal_msp.o
 .ARM.attributes
                0x0000000000000226       0x34 ./Core/Src/stm32f4xx_it.o
 .ARM.attributes
                0x000000000000025a       0x34 ./Core/Src/sysmem.o
 .ARM.attributes
                0x000000000000028e       0x34 ./Core/Src/system_stm32f4xx.o
 .ARM.attributes
                0x00000000000002c2       0x34 ./Core/Src/tim.o
 .ARM.attributes
                0x00000000000002f6       0x34 ./Core/Src/traffic.o
 .ARM.attributes
                0x000000000000032a       0x21 ./Core/Startup/startup_stm32f407zetx.o
 .ARM.attributes
                0x000000000000034b       0x34 ./Drivers/STM32F4xx_HAL_Driver/Src/stm32f4xx_hal.o
 .ARM.attributes
                0x000000000000037f       0x34 ./Drivers/STM32F4xx_HAL_Driver/Src/stm32f4xx_hal_cortex.o
 .ARM.attributes
                0x00000000000003b3       0x34 ./Drivers/STM32F4xx_HAL_Driver/Src/stm32f4xx_hal_gpio.o
 .ARM.attributes
                0x00000000000003e7       0x34 ./Drivers/STM32F4xx_HAL_Driver/Src/stm32f4xx_hal_rcc.o
 .ARM.attributes
                0x000000000000041b       0x34 ./Drivers/STM32F4xx_HAL_Driver/Src/stm32f4xx_hal_spi.o
 .ARM.attributes
                0x000000000000044f       0x34 ./Drivers/STM32F4xx_HAL_Driver/Src/stm32f4xx_hal_sram.o
 .ARM.attributes
                0x0000000000000483       0x34 ./Drivers/STM32F4xx_HAL_Driver/Src/stm32f4xx_hal_tim.o
 .ARM.attributes
                0x00000000000004b7       0x34 ./Drivers/STM32F4xx_HAL_Driver/Src/stm32f4xx_hal_tim_ex.o
 .ARM.attributes
                0x00000000000004eb       0x34 ./Drivers/STM32F4xx_HAL_Driver/Src/stm32f4xx_ll_fsmc.o
 .ARM.attributes
                0x000000000000051f       0x34 d:/stm32cubeide_1.7.0/stm32cubeide/plugins/com.st.stm32cube.ide.mcu.externaltools.gnu-tools-for-stm32.9-2020-q2-update.win32_2.0.0.202105311346/tools/bin/../lib/gcc/arm-none-eabi/9.3.1/../../../../arm-none-eabi/lib/thumb/v7e-m+fp/hard\libc_nano.a(lib_a-errno.o)
 .ARM.attributes
                0x0000000000000553       0x32 d:/stm32cubeide_1.7.0/stm32cubeide/plugins/com.st.stm32cube.ide.mcu.externaltools.gnu-tools-for-stm32.9-2020-q2-update.win32_2.0.0.202105311346/tools/bin/../lib/gcc/arm-none-eabi/9.3.1/../../../../arm-none-eabi/lib/thumb/v7e-m+fp/hard\libc_nano.a(lib_a-impure.o)
 .ARM.attributes
                0x0000000000000585       0x34 d:/stm32cubeide_1.7.0/stm32cubeide/plugins/com.st.stm32cube.ide.mcu.externaltools.gnu-tools-for-stm32.9-2020-q2-update.win32_2.0.0.202105311346/tools/bin/../lib/gcc/arm-none-eabi/9.3.1/../../../../arm-none-eabi/lib/thumb/v7e-m+fp/hard\libc_nano.a(lib_a-init.o)
 .ARM.attributes
                0x00000000000005b9       0x34 d:/stm32cubeide_1.7.0/stm32cubeide/plugins/com.st.stm32cube.ide.mcu.externaltools.gnu-tools-for-stm32.9-2020-q2-update.win32_2.0.0.202105311346/tools/bin/../lib/gcc/arm-none-eabi/9.3.1/../../../../arm-none-eabi/lib/thumb/v7e-m+fp/hard\libc_nano.a(lib_a-memset.o)
 .ARM.attributes
                0x00000000000005ed       0x34 d:/stm32cubeide_1.7.0/stm32cubeide/plugins/com.st.stm32cube.ide.mcu.externaltools.gnu-tools-for-stm32.9-2020-q2-update.win32_2.0.0.202105311346/tools/bin/../lib/gcc/arm-none-eabi/9.3.1/../../../../arm-none-eabi/lib/thumb/v7e-m+fp/hard\libc_nano.a(lib_a-sprintf.o)
 .ARM.attributes
                0x0000000000000621       0x34 d:/stm32cubeide_1.7.0/stm32cubeide/plugins/com.st.stm32cube.ide.mcu.externaltools.gnu-tools-for-stm32.9-2020-q2-update.win32_2.0.0.202105311346/tools/bin/../lib/gcc/arm-none-eabi/9.3.1/../../../../arm-none-eabi/lib/thumb/v7e-m+fp/hard\libc_nano.a(lib_a-nano-svfprintf.o)
 .ARM.attributes
                0x0000000000000655       0x34 d:/stm32cubeide_1.7.0/stm32cubeide/plugins/com.st.stm32cube.ide.mcu.externaltools.gnu-tools-for-stm32.9-2020-q2-update.win32_2.0.0.202105311346/tools/bin/../lib/gcc/arm-none-eabi/9.3.1/../../../../arm-none-eabi/lib/thumb/v7e-m+fp/hard\libc_nano.a(lib_a-nano-vfprintf_i.o)
 .ARM.attributes
                0x0000000000000689       0x1c d:/stm32cubeide_1.7.0/stm32cubeide/plugins/com.st.stm32cube.ide.mcu.externaltools.gnu-tools-for-stm32.9-2020-q2-update.win32_2.0.0.202105311346/tools/bin/../lib/gcc/arm-none-eabi/9.3.1/../../../../arm-none-eabi/lib/thumb/v7e-m+fp/hard\libc_nano.a(lib_a-memchr.o)
 .ARM.attributes
                0x00000000000006a5       0x34 d:/stm32cubeide_1.7.0/stm32cubeide/plugins/com.st.stm32cube.ide.mcu.externaltools.gnu-tools-for-stm32.9-2020-q2-update.win32_2.0.0.202105311346/tools/bin/../lib/gcc/arm-none-eabi/9.3.1/../../../../arm-none-eabi/lib/thumb/v7e-m+fp/hard\libc_nano.a(lib_a-memcpy-stub.o)
 .ARM.attributes
                0x00000000000006d9       0x34 d:/stm32cubeide_1.7.0/stm32cubeide/plugins/com.st.stm32cube.ide.mcu.externaltools.gnu-tools-for-stm32.9-2020-q2-update.win32_2.0.0.202105311346/tools/bin/../lib/gcc/arm-none-eabi/9.3.1/../../../../arm-none-eabi/lib/thumb/v7e-m+fp/hard\libc_nano.a(lib_a-memmove.o)
 .ARM.attributes
                0x000000000000070d       0x34 d:/stm32cubeide_1.7.0/stm32cubeide/plugins/com.st.stm32cube.ide.mcu.externaltools.gnu-tools-for-stm32.9-2020-q2-update.win32_2.0.0.202105311346/tools/bin/../lib/gcc/arm-none-eabi/9.3.1/../../../../arm-none-eabi/lib/thumb/v7e-m+fp/hard\libc_nano.a(lib_a-nano-freer.o)
 .ARM.attributes
                0x0000000000000741       0x34 d:/stm32cubeide_1.7.0/stm32cubeide/plugins/com.st.stm32cube.ide.mcu.externaltools.gnu-tools-for-stm32.9-2020-q2-update.win32_2.0.0.202105311346/tools/bin/../lib/gcc/arm-none-eabi/9.3.1/../../../../arm-none-eabi/lib/thumb/v7e-m+fp/hard\libc_nano.a(lib_a-nano-mallocr.o)
 .ARM.attributes
                0x0000000000000775       0x34 d:/stm32cubeide_1.7.0/stm32cubeide/plugins/com.st.stm32cube.ide.mcu.externaltools.gnu-tools-for-stm32.9-2020-q2-update.win32_2.0.0.202105311346/tools/bin/../lib/gcc/arm-none-eabi/9.3.1/../../../../arm-none-eabi/lib/thumb/v7e-m+fp/hard\libc_nano.a(lib_a-nano-reallocr.o)
 .ARM.attributes
                0x00000000000007a9       0x34 d:/stm32cubeide_1.7.0/stm32cubeide/plugins/com.st.stm32cube.ide.mcu.externaltools.gnu-tools-for-stm32.9-2020-q2-update.win32_2.0.0.202105311346/tools/bin/../lib/gcc/arm-none-eabi/9.3.1/../../../../arm-none-eabi/lib/thumb/v7e-m+fp/hard\libc_nano.a(lib_a-sbrkr.o)
 .ARM.attributes
                0x00000000000007dd       0x34 d:/stm32cubeide_1.7.0/stm32cubeide/plugins/com.st.stm32cube.ide.mcu.externaltools.gnu-tools-for-stm32.9-2020-q2-update.win32_2.0.0.202105311346/tools/bin/../lib/gcc/arm-none-eabi/9.3.1/../../../../arm-none-eabi/lib/thumb/v7e-m+fp/hard\libc_nano.a(lib_a-mlock.o)
 .ARM.attributes
                0x0000000000000811       0x34 d:/stm32cubeide_1.7.0/stm32cubeide/plugins/com.st.stm32cube.ide.mcu.externaltools.gnu-tools-for-stm32.9-2020-q2-update.win32_2.0.0.202105311346/tools/bin/../lib/gcc/arm-none-eabi/9.3.1/../../../../arm-none-eabi/lib/thumb/v7e-m+fp/hard\libc_nano.a(lib_a-nano-msizer.o)
 .ARM.attributes
                0x0000000000000845       0x34 d:/stm32cubeide_1.7.0/stm32cubeide/plugins/com.st.stm32cube.ide.mcu.externaltools.gnu-tools-for-stm32.9-2020-q2-update.win32_2.0.0.202105311346/tools/bin/../lib/gcc/arm-none-eabi/9.3.1/../../../../arm-none-eabi/lib/thumb/v7e-m+fp/hard\libc_nano.a(lib_a-reent.o)
 .ARM.attributes
                0x0000000000000879       0x34 d:/stm32cubeide_1.7.0/stm32cubeide/plugins/com.st.stm32cube.ide.mcu.externaltools.gnu-tools-for-stm32.9-2020-q2-update.win32_2.0.0.202105311346/tools/bin/../lib/gcc/arm-none-eabi/9.3.1/../../../../arm-none-eabi/lib/thumb/v7e-m+fp/hard\libc_nano.a(lib_a-lock.o)
 .ARM.attributes
                0x00000000000008ad       0x1e d:/stm32cubeide_1.7.0/stm32cubeide/plugins/com.st.stm32cube.ide.mcu.externaltools.gnu-tools-for-stm32.9-2020-q2-update.win32_2.0.0.202105311346/tools/bin/../lib/gcc/arm-none-eabi/9.3.1/thumb/v7e-m+fp/hard\libgcc.a(_aeabi_uldivmod.o)
 .ARM.attributes
                0x00000000000008cb       0x34 d:/stm32cubeide_1.7.0/stm32cubeide/plugins/com.st.stm32cube.ide.mcu.externaltools.gnu-tools-for-stm32.9-2020-q2-update.win32_2.0.0.202105311346/tools/bin/../lib/gcc/arm-none-eabi/9.3.1/thumb/v7e-m+fp/hard\libgcc.a(_udivmoddi4.o)
 .ARM.attributes
                0x00000000000008ff       0x1e d:/stm32cubeide_1.7.0/stm32cubeide/plugins/com.st.stm32cube.ide.mcu.externaltools.gnu-tools-for-stm32.9-2020-q2-update.win32_2.0.0.202105311346/tools/bin/../lib/gcc/arm-none-eabi/9.3.1/thumb/v7e-m+fp/hard\libgcc.a(_dvmd_tls.o)
 .ARM.attributes
                0x000000000000091d       0x1e d:/stm32cubeide_1.7.0/stm32cubeide/plugins/com.st.stm32cube.ide.mcu.externaltools.gnu-tools-for-stm32.9-2020-q2-update.win32_2.0.0.202105311346/tools/bin/../lib/gcc/arm-none-eabi/9.3.1/thumb/v7e-m+fp/hard/crtn.o
OUTPUT(Bai3_Lcd_button.elf elf32-littlearm)
LOAD linker stubs
LOAD d:/stm32cubeide_1.7.0/stm32cubeide/plugins/com.st.stm32cube.ide.mcu.externaltools.gnu-tools-for-stm32.9-2020-q2-update.win32_2.0.0.202105311346/tools/bin/../lib/gcc/arm-none-eabi/9.3.1/../../../../arm-none-eabi/lib/thumb/v7e-m+fp/hard\libc.a
LOAD d:/stm32cubeide_1.7.0/stm32cubeide/plugins/com.st.stm32cube.ide.mcu.externaltools.gnu-tools-for-stm32.9-2020-q2-update.win32_2.0.0.202105311346/tools/bin/../lib/gcc/arm-none-eabi/9.3.1/../../../../arm-none-eabi/lib/thumb/v7e-m+fp/hard\libm.a
LOAD d:/stm32cubeide_1.7.0/stm32cubeide/plugins/com.st.stm32cube.ide.mcu.externaltools.gnu-tools-for-stm32.9-2020-q2-update.win32_2.0.0.202105311346/tools/bin/../lib/gcc/arm-none-eabi/9.3.1/thumb/v7e-m+fp/hard\libgcc.a

.debug_info     0x0000000000000000    0x1405c
 .debug_info    0x0000000000000000      0x7f4 ./Core/Src/button.o
 .debug_info    0x00000000000007f4      0xa96 ./Core/Src/fsmc.o
 .debug_info    0x000000000000128a      0x569 ./Core/Src/gpio.o
 .debug_info    0x00000000000017f3     0x1759 ./Core/Src/lcd.o
 .debug_info    0x0000000000002f4c      0x89c ./Core/Src/led_7seg.o
 .debug_info    0x00000000000037e8     0x1b08 ./Core/Src/main.o
 .debug_info    0x00000000000052f0      0xb05 ./Core/Src/software_timer.o
 .debug_info    0x0000000000005df5      0xa5a ./Core/Src/spi.o
 .debug_info    0x000000000000684f      0x394 ./Core/Src/stm32f4xx_hal_msp.o
 .debug_info    0x0000000000006be3      0x801 ./Core/Src/stm32f4xx_it.o
 .debug_info    0x00000000000073e4      0xa25 ./Core/Src/sysmem.o
 .debug_info    0x0000000000007e09      0x5a4 ./Core/Src/system_stm32f4xx.o
 .debug_info    0x00000000000083ad      0xc88 ./Core/Src/tim.o
 .debug_info    0x0000000000009035     0x1520 ./Core/Src/traffic.o
 .debug_info    0x000000000000a555       0x22 ./Core/Startup/startup_stm32f407zetx.o
 .debug_info    0x000000000000a577      0x9b2 ./Drivers/STM32F4xx_HAL_Driver/Src/stm32f4xx_hal.o
 .debug_info    0x000000000000af29      0xed7 ./Drivers/STM32F4xx_HAL_Driver/Src/stm32f4xx_hal_cortex.o
 .debug_info    0x000000000000be00      0x83e ./Drivers/STM32F4xx_HAL_Driver/Src/stm32f4xx_hal_gpio.o
 .debug_info    0x000000000000c63e      0x996 ./Drivers/STM32F4xx_HAL_Driver/Src/stm32f4xx_hal_rcc.o
 .debug_info    0x000000000000cfd4     0x17c0 ./Drivers/STM32F4xx_HAL_Driver/Src/stm32f4xx_hal_spi.o
 .debug_info    0x000000000000e794      0xbab ./Drivers/STM32F4xx_HAL_Driver/Src/stm32f4xx_hal_sram.o
 .debug_info    0x000000000000f33f     0x2c22 ./Drivers/STM32F4xx_HAL_Driver/Src/stm32f4xx_hal_tim.o
 .debug_info    0x0000000000011f61     0x15a2 ./Drivers/STM32F4xx_HAL_Driver/Src/stm32f4xx_hal_tim_ex.o
 .debug_info    0x0000000000013503      0xb59 ./Drivers/STM32F4xx_HAL_Driver/Src/stm32f4xx_ll_fsmc.o

.debug_abbrev   0x0000000000000000     0x2eb8
 .debug_abbrev  0x0000000000000000      0x1bf ./Core/Src/button.o
 .debug_abbrev  0x00000000000001bf      0x1e2 ./Core/Src/fsmc.o
 .debug_abbrev  0x00000000000003a1      0x14e ./Core/Src/gpio.o
 .debug_abbrev  0x00000000000004ef      0x3aa ./Core/Src/lcd.o
 .debug_abbrev  0x0000000000000899      0x1a9 ./Core/Src/led_7seg.o
 .debug_abbrev  0x0000000000000a42      0x2c2 ./Core/Src/main.o
 .debug_abbrev  0x0000000000000d04      0x1d6 ./Core/Src/software_timer.o
 .debug_abbrev  0x0000000000000eda      0x1bb ./Core/Src/spi.o
 .debug_abbrev  0x0000000000001095      0x11d ./Core/Src/stm32f4xx_hal_msp.o
 .debug_abbrev  0x00000000000011b2      0x176 ./Core/Src/stm32f4xx_it.o
 .debug_abbrev  0x0000000000001328      0x1bf ./Core/Src/sysmem.o
 .debug_abbrev  0x00000000000014e7      0x145 ./Core/Src/system_stm32f4xx.o
 .debug_abbrev  0x000000000000162c      0x1bb ./Core/Src/tim.o
 .debug_abbrev  0x00000000000017e7      0x25c ./Core/Src/traffic.o
 .debug_abbrev  0x0000000000001a43       0x12 ./Core/Startup/startup_stm32f407zetx.o
 .debug_abbrev  0x0000000000001a55      0x1ed ./Drivers/STM32F4xx_HAL_Driver/Src/stm32f4xx_hal.o
 .debug_abbrev  0x0000000000001c42      0x33c ./Drivers/STM32F4xx_HAL_Driver/Src/stm32f4xx_hal_cortex.o
 .debug_abbrev  0x0000000000001f7e      0x1f1 ./Drivers/STM32F4xx_HAL_Driver/Src/stm32f4xx_hal_gpio.o
 .debug_abbrev  0x000000000000216f      0x275 ./Drivers/STM32F4xx_HAL_Driver/Src/stm32f4xx_hal_rcc.o
 .debug_abbrev  0x00000000000023e4      0x26e ./Drivers/STM32F4xx_HAL_Driver/Src/stm32f4xx_hal_spi.o
 .debug_abbrev  0x0000000000002652      0x1f4 ./Drivers/STM32F4xx_HAL_Driver/Src/stm32f4xx_hal_sram.o
 .debug_abbrev  0x0000000000002846      0x25e ./Drivers/STM32F4xx_HAL_Driver/Src/stm32f4xx_hal_tim.o
 .debug_abbrev  0x0000000000002aa4      0x266 ./Drivers/STM32F4xx_HAL_Driver/Src/stm32f4xx_hal_tim_ex.o
 .debug_abbrev  0x0000000000002d0a      0x1ae ./Drivers/STM32F4xx_HAL_Driver/Src/stm32f4xx_ll_fsmc.o

.debug_aranges  0x0000000000000000      0xf20
 .debug_aranges
                0x0000000000000000       0x28 ./Core/Src/button.o
 .debug_aranges
                0x0000000000000028       0x40 ./Core/Src/fsmc.o
 .debug_aranges
                0x0000000000000068       0x20 ./Core/Src/gpio.o
 .debug_aranges
                0x0000000000000088       0xd8 ./Core/Src/lcd.o
 .debug_aranges
                0x0000000000000160       0x48 ./Core/Src/led_7seg.o
 .debug_aranges
                0x00000000000001a8       0x68 ./Core/Src/main.o
 .debug_aranges
                0x0000000000000210       0x38 ./Core/Src/software_timer.o
 .debug_aranges
                0x0000000000000248       0x30 ./Core/Src/spi.o
 .debug_aranges
                0x0000000000000278       0x20 ./Core/Src/stm32f4xx_hal_msp.o
 .debug_aranges
                0x0000000000000298       0x68 ./Core/Src/stm32f4xx_it.o
 .debug_aranges
                0x0000000000000300       0x20 ./Core/Src/sysmem.o
 .debug_aranges
                0x0000000000000320       0x28 ./Core/Src/system_stm32f4xx.o
 .debug_aranges
                0x0000000000000348       0x30 ./Core/Src/tim.o
 .debug_aranges
                0x0000000000000378       0x48 ./Core/Src/traffic.o
 .debug_aranges
                0x00000000000003c0       0x28 ./Core/Startup/startup_stm32f407zetx.o
 .debug_aranges
                0x00000000000003e8       0xf0 ./Drivers/STM32F4xx_HAL_Driver/Src/stm32f4xx_hal.o
 .debug_aranges
                0x00000000000004d8      0x118 ./Drivers/STM32F4xx_HAL_Driver/Src/stm32f4xx_hal_cortex.o
 .debug_aranges
                0x00000000000005f0       0x58 ./Drivers/STM32F4xx_HAL_Driver/Src/stm32f4xx_hal_gpio.o
 .debug_aranges
                0x0000000000000648       0x88 ./Drivers/STM32F4xx_HAL_Driver/Src/stm32f4xx_hal_rcc.o
 .debug_aranges
                0x00000000000006d0      0x1d0 ./Drivers/STM32F4xx_HAL_Driver/Src/stm32f4xx_hal_spi.o
 .debug_aranges
                0x00000000000008a0       0xa0 ./Drivers/STM32F4xx_HAL_Driver/Src/stm32f4xx_hal_sram.o
 .debug_aranges
                0x0000000000000940      0x3d0 ./Drivers/STM32F4xx_HAL_Driver/Src/stm32f4xx_hal_tim.o
 .debug_aranges
                0x0000000000000d10      0x168 ./Drivers/STM32F4xx_HAL_Driver/Src/stm32f4xx_hal_tim_ex.o
 .debug_aranges
                0x0000000000000e78       0xa8 ./Drivers/STM32F4xx_HAL_Driver/Src/stm32f4xx_ll_fsmc.o

.debug_ranges   0x0000000000000000      0xda8
 .debug_ranges  0x0000000000000000       0x18 ./Core/Src/button.o
 .debug_ranges  0x0000000000000018       0x30 ./Core/Src/fsmc.o
 .debug_ranges  0x0000000000000048       0x10 ./Core/Src/gpio.o
 .debug_ranges  0x0000000000000058       0xc8 ./Core/Src/lcd.o
 .debug_ranges  0x0000000000000120       0x38 ./Core/Src/led_7seg.o
 .debug_ranges  0x0000000000000158       0x58 ./Core/Src/main.o
 .debug_ranges  0x00000000000001b0       0x28 ./Core/Src/software_timer.o
 .debug_ranges  0x00000000000001d8       0x20 ./Core/Src/spi.o
 .debug_ranges  0x00000000000001f8       0x10 ./Core/Src/stm32f4xx_hal_msp.o
 .debug_ranges  0x0000000000000208       0x58 ./Core/Src/stm32f4xx_it.o
 .debug_ranges  0x0000000000000260       0x10 ./Core/Src/sysmem.o
 .debug_ranges  0x0000000000000270       0x18 ./Core/Src/system_stm32f4xx.o
 .debug_ranges  0x0000000000000288       0x20 ./Core/Src/tim.o
 .debug_ranges  0x00000000000002a8       0x38 ./Core/Src/traffic.o
 .debug_ranges  0x00000000000002e0       0x20 ./Core/Startup/startup_stm32f407zetx.o
 .debug_ranges  0x0000000000000300       0xe0 ./Drivers/STM32F4xx_HAL_Driver/Src/stm32f4xx_hal.o
 .debug_ranges  0x00000000000003e0      0x108 ./Drivers/STM32F4xx_HAL_Driver/Src/stm32f4xx_hal_cortex.o
 .debug_ranges  0x00000000000004e8       0x48 ./Drivers/STM32F4xx_HAL_Driver/Src/stm32f4xx_hal_gpio.o
 .debug_ranges  0x0000000000000530       0x78 ./Drivers/STM32F4xx_HAL_Driver/Src/stm32f4xx_hal_rcc.o
 .debug_ranges  0x00000000000005a8      0x1c0 ./Drivers/STM32F4xx_HAL_Driver/Src/stm32f4xx_hal_spi.o
 .debug_ranges  0x0000000000000768       0x90 ./Drivers/STM32F4xx_HAL_Driver/Src/stm32f4xx_hal_sram.o
 .debug_ranges  0x00000000000007f8      0x3c0 ./Drivers/STM32F4xx_HAL_Driver/Src/stm32f4xx_hal_tim.o
 .debug_ranges  0x0000000000000bb8      0x158 ./Drivers/STM32F4xx_HAL_Driver/Src/stm32f4xx_hal_tim_ex.o
 .debug_ranges  0x0000000000000d10       0x98 ./Drivers/STM32F4xx_HAL_Driver/Src/stm32f4xx_ll_fsmc.o

.debug_macro    0x0000000000000000    0x22c54
 .debug_macro   0x0000000000000000      0x216 ./Core/Src/button.o
 .debug_macro   0x0000000000000216      0xaa8 ./Core/Src/button.o
 .debug_macro   0x0000000000000cbe      0x2a1 ./Core/Src/button.o
 .debug_macro   0x0000000000000f5f       0x2e ./Core/Src/button.o
 .debug_macro   0x0000000000000f8d       0x2f ./Core/Src/button.o
 .debug_macro   0x0000000000000fbc       0x22 ./Core/Src/button.o
 .debug_macro   0x0000000000000fde       0x8e ./Core/Src/button.o
 .debug_macro   0x000000000000106c       0x51 ./Core/Src/button.o
 .debug_macro   0x00000000000010bd      0x103 ./Core/Src/button.o
 .debug_macro   0x00000000000011c0       0x6a ./Core/Src/button.o
 .debug_macro   0x000000000000122a      0x1df ./Core/Src/button.o
 .debug_macro   0x0000000000001409       0x1c ./Core/Src/button.o
 .debug_macro   0x0000000000001425       0x22 ./Core/Src/button.o
 .debug_macro   0x0000000000001447       0xdf ./Core/Src/button.o
 .debug_macro   0x0000000000001526     0x102d ./Core/Src/button.o
 .debug_macro   0x0000000000002553      0x11f ./Core/Src/button.o
 .debug_macro   0x0000000000002672    0x15e58 ./Core/Src/button.o
 .debug_macro   0x00000000000184ca       0x6d ./Core/Src/button.o
 .debug_macro   0x0000000000018537     0x3666 ./Core/Src/button.o
 .debug_macro   0x000000000001bb9d      0x174 ./Core/Src/button.o
 .debug_macro   0x000000000001bd11       0x5c ./Core/Src/button.o
 .debug_macro   0x000000000001bd6d      0x96b ./Core/Src/button.o
 .debug_macro   0x000000000001c6d8      0x9fe ./Core/Src/button.o
 .debug_macro   0x000000000001d0d6      0x116 ./Core/Src/button.o
 .debug_macro   0x000000000001d1ec      0x13e ./Core/Src/button.o
 .debug_macro   0x000000000001d32a       0xa5 ./Core/Src/button.o
 .debug_macro   0x000000000001d3cf      0x174 ./Core/Src/button.o
 .debug_macro   0x000000000001d543      0x287 ./Core/Src/button.o
 .debug_macro   0x000000000001d7ca       0x5f ./Core/Src/button.o
 .debug_macro   0x000000000001d829      0x236 ./Core/Src/button.o
 .debug_macro   0x000000000001da5f      0x12c ./Core/Src/button.o
 .debug_macro   0x000000000001db8b      0x21e ./Core/Src/button.o
 .debug_macro   0x000000000001dda9       0x2e ./Core/Src/button.o
 .debug_macro   0x000000000001ddd7      0x543 ./Core/Src/button.o
 .debug_macro   0x000000000001e31a      0x11a ./Core/Src/button.o
 .debug_macro   0x000000000001e434       0x7e ./Core/Src/button.o
 .debug_macro   0x000000000001e4b2       0x89 ./Core/Src/button.o
 .debug_macro   0x000000000001e53b      0x225 ./Core/Src/button.o
 .debug_macro   0x000000000001e760      0x8d1 ./Core/Src/button.o
 .debug_macro   0x000000000001f031       0x47 ./Core/Src/button.o
 .debug_macro   0x000000000001f078      0x12d ./Core/Src/button.o
 .debug_macro   0x000000000001f1a5       0x88 ./Core/Src/button.o
 .debug_macro   0x000000000001f22d      0x202 ./Core/Src/fsmc.o
 .debug_macro   0x000000000001f42f      0x202 ./Core/Src/gpio.o
 .debug_macro   0x000000000001f631      0x317 ./Core/Src/lcd.o
 .debug_macro   0x000000000001f948       0x18 ./Core/Src/lcd.o
 .debug_macro   0x000000000001f960       0x52 ./Core/Src/lcd.o
 .debug_macro   0x000000000001f9b2       0x3c ./Core/Src/lcd.o
 .debug_macro   0x000000000001f9ee       0x34 ./Core/Src/lcd.o
 .debug_macro   0x000000000001fa22       0x16 ./Core/Src/lcd.o
 .debug_macro   0x000000000001fa38       0x35 ./Core/Src/lcd.o
 .debug_macro   0x000000000001fa6d       0x16 ./Core/Src/lcd.o
 .debug_macro   0x000000000001fa83       0x43 ./Core/Src/lcd.o
 .debug_macro   0x000000000001fac6       0x34 ./Core/Src/lcd.o
 .debug_macro   0x000000000001fafa       0x10 ./Core/Src/lcd.o
 .debug_macro   0x000000000001fb0a       0x58 ./Core/Src/lcd.o
 .debug_macro   0x000000000001fb62       0x71 ./Core/Src/lcd.o
 .debug_macro   0x000000000001fbd3       0x1c ./Core/Src/lcd.o
 .debug_macro   0x000000000001fbef      0x12a ./Core/Src/lcd.o
 .debug_macro   0x000000000001fd19      0x333 ./Core/Src/lcd.o
 .debug_macro   0x000000000002004c       0x16 ./Core/Src/lcd.o
 .debug_macro   0x0000000000020062       0x29 ./Core/Src/lcd.o
 .debug_macro   0x000000000002008b       0x16 ./Core/Src/lcd.o
 .debug_macro   0x00000000000200a1       0x20 ./Core/Src/lcd.o
 .debug_macro   0x00000000000200c1       0xca ./Core/Src/lcd.o
 .debug_macro   0x000000000002018b      0x20c ./Core/Src/led_7seg.o
 .debug_macro   0x0000000000020397      0x37d ./Core/Src/main.o
 .debug_macro   0x0000000000020714      0x22a ./Core/Src/software_timer.o
 .debug_macro   0x000000000002093e      0x202 ./Core/Src/spi.o
 .debug_macro   0x0000000000020b40      0x1f8 ./Core/Src/stm32f4xx_hal_msp.o
 .debug_macro   0x0000000000020d38      0x202 ./Core/Src/stm32f4xx_it.o
 .debug_macro   0x0000000000020f3a       0xff ./Core/Src/sysmem.o
 .debug_macro   0x0000000000021039      0x23b ./Core/Src/sysmem.o
 .debug_macro   0x0000000000021274      0x1e9 ./Core/Src/system_stm32f4xx.o
 .debug_macro   0x000000000002145d      0x202 ./Core/Src/tim.o
 .debug_macro   0x000000000002165f      0x42a ./Core/Src/traffic.o
 .debug_macro   0x0000000000021a89      0x249 ./Drivers/STM32F4xx_HAL_Driver/Src/stm32f4xx_hal.o
 .debug_macro   0x0000000000021cd2      0x1e9 ./Drivers/STM32F4xx_HAL_Driver/Src/stm32f4xx_hal_cortex.o
 .debug_macro   0x0000000000021ebb      0x1ef ./Drivers/STM32F4xx_HAL_Driver/Src/stm32f4xx_hal_gpio.o
 .debug_macro   0x00000000000220aa      0x20d ./Drivers/STM32F4xx_HAL_Driver/Src/stm32f4xx_hal_rcc.o
 .debug_macro   0x00000000000222b7      0x1f8 ./Drivers/STM32F4xx_HAL_Driver/Src/stm32f4xx_hal_spi.o
 .debug_macro   0x00000000000224af      0x1e9 ./Drivers/STM32F4xx_HAL_Driver/Src/stm32f4xx_hal_sram.o
 .debug_macro   0x0000000000022698      0x1ea ./Drivers/STM32F4xx_HAL_Driver/Src/stm32f4xx_hal_tim.o
 .debug_macro   0x0000000000022882      0x1e9 ./Drivers/STM32F4xx_HAL_Driver/Src/stm32f4xx_hal_tim_ex.o
 .debug_macro   0x0000000000022a6b      0x1e9 ./Drivers/STM32F4xx_HAL_Driver/Src/stm32f4xx_ll_fsmc.o

.debug_line     0x0000000000000000    0x1286b
 .debug_line    0x0000000000000000      0x774 ./Core/Src/button.o
 .debug_line    0x0000000000000774      0x7e9 ./Core/Src/fsmc.o
 .debug_line    0x0000000000000f5d      0x747 ./Core/Src/gpio.o
 .debug_line    0x00000000000016a4      0xf71 ./Core/Src/lcd.o
 .debug_line    0x0000000000002615      0x7e4 ./Core/Src/led_7seg.o
 .debug_line    0x0000000000002df9      0xa75 ./Core/Src/main.o
 .debug_line    0x000000000000386e      0x784 ./Core/Src/software_timer.o
 .debug_line    0x0000000000003ff2      0x75a ./Core/Src/spi.o
 .debug_line    0x000000000000474c      0x6e9 ./Core/Src/stm32f4xx_hal_msp.o
 .debug_line    0x0000000000004e35      0x7c3 ./Core/Src/stm32f4xx_it.o
 .debug_line    0x00000000000055f8      0x4e9 ./Core/Src/sysmem.o
 .debug_line    0x0000000000005ae1      0x76a ./Core/Src/system_stm32f4xx.o
 .debug_line    0x000000000000624b      0x756 ./Core/Src/tim.o
 .debug_line    0x00000000000069a1      0xb81 ./Core/Src/traffic.o
 .debug_line    0x0000000000007522       0x88 ./Core/Startup/startup_stm32f407zetx.o
 .debug_line    0x00000000000075aa      0x9d0 ./Drivers/STM32F4xx_HAL_Driver/Src/stm32f4xx_hal.o
 .debug_line    0x0000000000007f7a      0xc7f ./Drivers/STM32F4xx_HAL_Driver/Src/stm32f4xx_hal_cortex.o
 .debug_line    0x0000000000008bf9      0xb46 ./Drivers/STM32F4xx_HAL_Driver/Src/stm32f4xx_hal_gpio.o
 .debug_line    0x000000000000973f      0xd4c ./Drivers/STM32F4xx_HAL_Driver/Src/stm32f4xx_hal_rcc.o
 .debug_line    0x000000000000a48b     0x1c58 ./Drivers/STM32F4xx_HAL_Driver/Src/stm32f4xx_hal_spi.o
 .debug_line    0x000000000000c0e3      0xb72 ./Drivers/STM32F4xx_HAL_Driver/Src/stm32f4xx_hal_sram.o
 .debug_line    0x000000000000cc55     0x36c4 ./Drivers/STM32F4xx_HAL_Driver/Src/stm32f4xx_hal_tim.o
 .debug_line    0x0000000000010319     0x19cd ./Drivers/STM32F4xx_HAL_Driver/Src/stm32f4xx_hal_tim_ex.o
 .debug_line    0x0000000000011ce6      0xb85 ./Drivers/STM32F4xx_HAL_Driver/Src/stm32f4xx_ll_fsmc.o

.debug_str      0x0000000000000000    0xce544
 .debug_str     0x0000000000000000    0xc5f59 ./Core/Src/button.o
                                      0xc6264 (size before relaxing)
 .debug_str     0x00000000000c5f59      0x3e1 ./Core/Src/fsmc.o
                                      0xc6461 (size before relaxing)
 .debug_str     0x00000000000c633a       0x3c ./Core/Src/gpio.o
                                      0xc5f3f (size before relaxing)
 .debug_str     0x00000000000c6376     0x371a ./Core/Src/lcd.o
                                      0xc9593 (size before relaxing)
 .debug_str     0x00000000000c9a90       0x98 ./Core/Src/led_7seg.o
                                      0xc62a0 (size before relaxing)
 .debug_str     0x00000000000c9b28      0x4b0 ./Core/Src/main.o
                                      0xc9f61 (size before relaxing)
 .debug_str     0x00000000000c9fd8       0xac ./Core/Src/software_timer.o
                                      0xc6591 (size before relaxing)
 .debug_str     0x00000000000ca084       0x4b ./Core/Src/spi.o
                                      0xc639c (size before relaxing)
 .debug_str     0x00000000000ca0cf       0x2c ./Core/Src/stm32f4xx_hal_msp.o
                                      0xc5ea2 (size before relaxing)
 .debug_str     0x00000000000ca0fb       0xcd ./Core/Src/stm32f4xx_it.o
                                      0xc6367 (size before relaxing)
 .debug_str     0x00000000000ca1c8      0x4e9 ./Core/Src/sysmem.o
                                       0x62a2 (size before relaxing)
 .debug_str     0x00000000000ca6b1       0xaf ./Core/Src/system_stm32f4xx.o
                                      0xc5cf2 (size before relaxing)
 .debug_str     0x00000000000ca760      0x5c8 ./Core/Src/tim.o
                                      0xc69bf (size before relaxing)
 .debug_str     0x00000000000cad28     0x1029 ./Core/Src/traffic.o
                                      0xcaa7a (size before relaxing)
 .debug_str     0x00000000000cbd51       0x36 ./Core/Startup/startup_stm32f407zetx.o
                                         0x73 (size before relaxing)
 .debug_str     0x00000000000cbd87      0x583 ./Drivers/STM32F4xx_HAL_Driver/Src/stm32f4xx_hal.o
                                      0xc67d4 (size before relaxing)
 .debug_str     0x00000000000cc30a      0x399 ./Drivers/STM32F4xx_HAL_Driver/Src/stm32f4xx_hal_cortex.o
                                      0xc65c3 (size before relaxing)
 .debug_str     0x00000000000cc6a3      0x15a ./Drivers/STM32F4xx_HAL_Driver/Src/stm32f4xx_hal_gpio.o
                                      0xc5e99 (size before relaxing)
 .debug_str     0x00000000000cc7fd      0x259 ./Drivers/STM32F4xx_HAL_Driver/Src/stm32f4xx_hal_rcc.o
                                      0xc60f4 (size before relaxing)
 .debug_str     0x00000000000cca56      0x57f ./Drivers/STM32F4xx_HAL_Driver/Src/stm32f4xx_hal_spi.o
                                      0xc6596 (size before relaxing)
 .debug_str     0x00000000000ccfd5      0x1b4 ./Drivers/STM32F4xx_HAL_Driver/Src/stm32f4xx_hal_sram.o
                                      0xc620c (size before relaxing)
 .debug_str     0x00000000000cd189      0xdc8 ./Drivers/STM32F4xx_HAL_Driver/Src/stm32f4xx_hal_tim.o
                                      0xc7021 (size before relaxing)
 .debug_str     0x00000000000cdf51      0x4ee ./Drivers/STM32F4xx_HAL_Driver/Src/stm32f4xx_hal_tim_ex.o
                                      0xc67d2 (size before relaxing)
 .debug_str     0x00000000000ce43f      0x105 ./Drivers/STM32F4xx_HAL_Driver/Src/stm32f4xx_ll_fsmc.o
                                      0xc60d3 (size before relaxing)

.comment        0x0000000000000000       0x53
 .comment       0x0000000000000000       0x53 ./Core/Src/button.o
                                         0x54 (size before relaxing)
 .comment       0x0000000000000053       0x54 ./Core/Src/fsmc.o
 .comment       0x0000000000000053       0x54 ./Core/Src/gpio.o
 .comment       0x0000000000000053       0x54 ./Core/Src/lcd.o
 .comment       0x0000000000000053       0x54 ./Core/Src/led_7seg.o
 .comment       0x0000000000000053       0x54 ./Core/Src/main.o
 .comment       0x0000000000000053       0x54 ./Core/Src/software_timer.o
 .comment       0x0000000000000053       0x54 ./Core/Src/spi.o
 .comment       0x0000000000000053       0x54 ./Core/Src/stm32f4xx_hal_msp.o
 .comment       0x0000000000000053       0x54 ./Core/Src/stm32f4xx_it.o
 .comment       0x0000000000000053       0x54 ./Core/Src/sysmem.o
 .comment       0x0000000000000053       0x54 ./Core/Src/system_stm32f4xx.o
 .comment       0x0000000000000053       0x54 ./Core/Src/tim.o
 .comment       0x0000000000000053       0x54 ./Core/Src/traffic.o
 .comment       0x0000000000000053       0x54 ./Drivers/STM32F4xx_HAL_Driver/Src/stm32f4xx_hal.o
 .comment       0x0000000000000053       0x54 ./Drivers/STM32F4xx_HAL_Driver/Src/stm32f4xx_hal_cortex.o
 .comment       0x0000000000000053       0x54 ./Drivers/STM32F4xx_HAL_Driver/Src/stm32f4xx_hal_gpio.o
 .comment       0x0000000000000053       0x54 ./Drivers/STM32F4xx_HAL_Driver/Src/stm32f4xx_hal_rcc.o
 .comment       0x0000000000000053       0x54 ./Drivers/STM32F4xx_HAL_Driver/Src/stm32f4xx_hal_spi.o
 .comment       0x0000000000000053       0x54 ./Drivers/STM32F4xx_HAL_Driver/Src/stm32f4xx_hal_sram.o
 .comment       0x0000000000000053       0x54 ./Drivers/STM32F4xx_HAL_Driver/Src/stm32f4xx_hal_tim.o
 .comment       0x0000000000000053       0x54 ./Drivers/STM32F4xx_HAL_Driver/Src/stm32f4xx_hal_tim_ex.o
 .comment       0x0000000000000053       0x54 ./Drivers/STM32F4xx_HAL_Driver/Src/stm32f4xx_ll_fsmc.o

.debug_frame    0x0000000000000000     0x40e0
 .debug_frame   0x0000000000000000       0x50 ./Core/Src/button.o
 .debug_frame   0x0000000000000050       0xbc ./Core/Src/fsmc.o
 .debug_frame   0x000000000000010c       0x34 ./Core/Src/gpio.o
 .debug_frame   0x0000000000000140      0x394 ./Core/Src/lcd.o
 .debug_frame   0x00000000000004d4       0xe8 ./Core/Src/led_7seg.o
 .debug_frame   0x00000000000005bc      0x13c ./Core/Src/main.o
 .debug_frame   0x00000000000006f8       0xa0 ./Core/Src/software_timer.o
 .debug_frame   0x0000000000000798       0x74 ./Core/Src/spi.o
 .debug_frame   0x000000000000080c       0x38 ./Core/Src/stm32f4xx_hal_msp.o
 .debug_frame   0x0000000000000844      0x120 ./Core/Src/stm32f4xx_it.o
 .debug_frame   0x0000000000000964       0x34 ./Core/Src/sysmem.o
 .debug_frame   0x0000000000000998       0x58 ./Core/Src/system_stm32f4xx.o
 .debug_frame   0x00000000000009f0       0x7c ./Core/Src/tim.o
 .debug_frame   0x0000000000000a6c       0xec ./Core/Src/traffic.o
 .debug_frame   0x0000000000000b58      0x374 ./Drivers/STM32F4xx_HAL_Driver/Src/stm32f4xx_hal.o
 .debug_frame   0x0000000000000ecc      0x498 ./Drivers/STM32F4xx_HAL_Driver/Src/stm32f4xx_hal_cortex.o
 .debug_frame   0x0000000000001364      0x14c ./Drivers/STM32F4xx_HAL_Driver/Src/stm32f4xx_hal_gpio.o
 .debug_frame   0x00000000000014b0      0x1f0 ./Drivers/STM32F4xx_HAL_Driver/Src/stm32f4xx_hal_rcc.o
 .debug_frame   0x00000000000016a0      0x824 ./Drivers/STM32F4xx_HAL_Driver/Src/stm32f4xx_hal_spi.o
 .debug_frame   0x0000000000001ec4      0x2a0 ./Drivers/STM32F4xx_HAL_Driver/Src/stm32f4xx_hal_sram.o
 .debug_frame   0x0000000000002164     0x11c4 ./Drivers/STM32F4xx_HAL_Driver/Src/stm32f4xx_hal_tim.o
 .debug_frame   0x0000000000003328      0x638 ./Drivers/STM32F4xx_HAL_Driver/Src/stm32f4xx_hal_tim_ex.o
 .debug_frame   0x0000000000003960      0x2dc ./Drivers/STM32F4xx_HAL_Driver/Src/stm32f4xx_ll_fsmc.o
 .debug_frame   0x0000000000003c3c       0x20 d:/stm32cubeide_1.7.0/stm32cubeide/plugins/com.st.stm32cube.ide.mcu.externaltools.gnu-tools-for-stm32.9-2020-q2-update.win32_2.0.0.202105311346/tools/bin/../lib/gcc/arm-none-eabi/9.3.1/../../../../arm-none-eabi/lib/thumb/v7e-m+fp/hard\libc_nano.a(lib_a-errno.o)
 .debug_frame   0x0000000000003c5c       0x2c d:/stm32cubeide_1.7.0/stm32cubeide/plugins/com.st.stm32cube.ide.mcu.externaltools.gnu-tools-for-stm32.9-2020-q2-update.win32_2.0.0.202105311346/tools/bin/../lib/gcc/arm-none-eabi/9.3.1/../../../../arm-none-eabi/lib/thumb/v7e-m+fp/hard\libc_nano.a(lib_a-init.o)
 .debug_frame   0x0000000000003c88       0x20 d:/stm32cubeide_1.7.0/stm32cubeide/plugins/com.st.stm32cube.ide.mcu.externaltools.gnu-tools-for-stm32.9-2020-q2-update.win32_2.0.0.202105311346/tools/bin/../lib/gcc/arm-none-eabi/9.3.1/../../../../arm-none-eabi/lib/thumb/v7e-m+fp/hard\libc_nano.a(lib_a-memset.o)
 .debug_frame   0x0000000000003ca8       0x6c d:/stm32cubeide_1.7.0/stm32cubeide/plugins/com.st.stm32cube.ide.mcu.externaltools.gnu-tools-for-stm32.9-2020-q2-update.win32_2.0.0.202105311346/tools/bin/../lib/gcc/arm-none-eabi/9.3.1/../../../../arm-none-eabi/lib/thumb/v7e-m+fp/hard\libc_nano.a(lib_a-sprintf.o)
 .debug_frame   0x0000000000003d14       0x90 d:/stm32cubeide_1.7.0/stm32cubeide/plugins/com.st.stm32cube.ide.mcu.externaltools.gnu-tools-for-stm32.9-2020-q2-update.win32_2.0.0.202105311346/tools/bin/../lib/gcc/arm-none-eabi/9.3.1/../../../../arm-none-eabi/lib/thumb/v7e-m+fp/hard\libc_nano.a(lib_a-nano-svfprintf.o)
 .debug_frame   0x0000000000003da4       0x60 d:/stm32cubeide_1.7.0/stm32cubeide/plugins/com.st.stm32cube.ide.mcu.externaltools.gnu-tools-for-stm32.9-2020-q2-update.win32_2.0.0.202105311346/tools/bin/../lib/gcc/arm-none-eabi/9.3.1/../../../../arm-none-eabi/lib/thumb/v7e-m+fp/hard\libc_nano.a(lib_a-nano-vfprintf_i.o)
 .debug_frame   0x0000000000003e04       0x28 d:/stm32cubeide_1.7.0/stm32cubeide/plugins/com.st.stm32cube.ide.mcu.externaltools.gnu-tools-for-stm32.9-2020-q2-update.win32_2.0.0.202105311346/tools/bin/../lib/gcc/arm-none-eabi/9.3.1/../../../../arm-none-eabi/lib/thumb/v7e-m+fp/hard\libc_nano.a(lib_a-memcpy-stub.o)
 .debug_frame   0x0000000000003e2c       0x28 d:/stm32cubeide_1.7.0/stm32cubeide/plugins/com.st.stm32cube.ide.mcu.externaltools.gnu-tools-for-stm32.9-2020-q2-update.win32_2.0.0.202105311346/tools/bin/../lib/gcc/arm-none-eabi/9.3.1/../../../../arm-none-eabi/lib/thumb/v7e-m+fp/hard\libc_nano.a(lib_a-memmove.o)
 .debug_frame   0x0000000000003e54       0x38 d:/stm32cubeide_1.7.0/stm32cubeide/plugins/com.st.stm32cube.ide.mcu.externaltools.gnu-tools-for-stm32.9-2020-q2-update.win32_2.0.0.202105311346/tools/bin/../lib/gcc/arm-none-eabi/9.3.1/../../../../arm-none-eabi/lib/thumb/v7e-m+fp/hard\libc_nano.a(lib_a-nano-freer.o)
 .debug_frame   0x0000000000003e8c       0x30 d:/stm32cubeide_1.7.0/stm32cubeide/plugins/com.st.stm32cube.ide.mcu.externaltools.gnu-tools-for-stm32.9-2020-q2-update.win32_2.0.0.202105311346/tools/bin/../lib/gcc/arm-none-eabi/9.3.1/../../../../arm-none-eabi/lib/thumb/v7e-m+fp/hard\libc_nano.a(lib_a-nano-mallocr.o)
 .debug_frame   0x0000000000003ebc       0x3c d:/stm32cubeide_1.7.0/stm32cubeide/plugins/com.st.stm32cube.ide.mcu.externaltools.gnu-tools-for-stm32.9-2020-q2-update.win32_2.0.0.202105311346/tools/bin/../lib/gcc/arm-none-eabi/9.3.1/../../../../arm-none-eabi/lib/thumb/v7e-m+fp/hard\libc_nano.a(lib_a-nano-reallocr.o)
 .debug_frame   0x0000000000003ef8       0x2c d:/stm32cubeide_1.7.0/stm32cubeide/plugins/com.st.stm32cube.ide.mcu.externaltools.gnu-tools-for-stm32.9-2020-q2-update.win32_2.0.0.202105311346/tools/bin/../lib/gcc/arm-none-eabi/9.3.1/../../../../arm-none-eabi/lib/thumb/v7e-m+fp/hard\libc_nano.a(lib_a-sbrkr.o)
 .debug_frame   0x0000000000003f24       0x30 d:/stm32cubeide_1.7.0/stm32cubeide/plugins/com.st.stm32cube.ide.mcu.externaltools.gnu-tools-for-stm32.9-2020-q2-update.win32_2.0.0.202105311346/tools/bin/../lib/gcc/arm-none-eabi/9.3.1/../../../../arm-none-eabi/lib/thumb/v7e-m+fp/hard\libc_nano.a(lib_a-mlock.o)
 .debug_frame   0x0000000000003f54       0x20 d:/stm32cubeide_1.7.0/stm32cubeide/plugins/com.st.stm32cube.ide.mcu.externaltools.gnu-tools-for-stm32.9-2020-q2-update.win32_2.0.0.202105311346/tools/bin/../lib/gcc/arm-none-eabi/9.3.1/../../../../arm-none-eabi/lib/thumb/v7e-m+fp/hard\libc_nano.a(lib_a-nano-msizer.o)
 .debug_frame   0x0000000000003f74       0x5c d:/stm32cubeide_1.7.0/stm32cubeide/plugins/com.st.stm32cube.ide.mcu.externaltools.gnu-tools-for-stm32.9-2020-q2-update.win32_2.0.0.202105311346/tools/bin/../lib/gcc/arm-none-eabi/9.3.1/../../../../arm-none-eabi/lib/thumb/v7e-m+fp/hard\libc_nano.a(lib_a-reent.o)
 .debug_frame   0x0000000000003fd0       0xb0 d:/stm32cubeide_1.7.0/stm32cubeide/plugins/com.st.stm32cube.ide.mcu.externaltools.gnu-tools-for-stm32.9-2020-q2-update.win32_2.0.0.202105311346/tools/bin/../lib/gcc/arm-none-eabi/9.3.1/../../../../arm-none-eabi/lib/thumb/v7e-m+fp/hard\libc_nano.a(lib_a-lock.o)
 .debug_frame   0x0000000000004080       0x2c d:/stm32cubeide_1.7.0/stm32cubeide/plugins/com.st.stm32cube.ide.mcu.externaltools.gnu-tools-for-stm32.9-2020-q2-update.win32_2.0.0.202105311346/tools/bin/../lib/gcc/arm-none-eabi/9.3.1/thumb/v7e-m+fp/hard\libgcc.a(_aeabi_uldivmod.o)
 .debug_frame   0x00000000000040ac       0x34 d:/stm32cubeide_1.7.0/stm32cubeide/plugins/com.st.stm32cube.ide.mcu.externaltools.gnu-tools-for-stm32.9-2020-q2-update.win32_2.0.0.202105311346/tools/bin/../lib/gcc/arm-none-eabi/9.3.1/thumb/v7e-m+fp/hard\libgcc.a(_udivmoddi4.o)