uart.c:35:6:uart_init_rs232	8	static
uart.c:41:6:HAL_UART_RxCpltCallback	24	static
uart.c:57:5:uart_read_byte	16	static
uart.c:67:6:uart_Rs232SendString	16	static
uart.c:73:6:uart_Rs232SendNum	32	static
uart.c:86:6:uart_ResetLineBuffer	64	static
uart.c:101:5:uart_ReadLine	24	static
uart.c:171:20:uart_ValidateInputDetailed	24	static
uart.c:205:9:uart_ValidateInput	16	static
uart.c:211:6:uart_HandleValidationErrorDetailed	24	static
uart.c:269:6:uart_HandleValidationError	16	static
uart.c:294:6:uart_HandleValidationErrorEx2Detailed	24	static
uart.c:336:6:uart_HandleValidationErrorEx2	16	static
uart.c:359:9:uart_ParseNumber	24	static
uart.c:387:6:uart_StartTimeUpdate	24	static
uart.c:408:6:uart_ClearInputBuffer	8	static
uart.c:419:6:uart_StartTimeUpdateEx	24	static
uart.c:443:6:uart_ProcessTimeUpdate	160	static
uart.c:623:6:uart_ProcessTimeUpdateEx	96	static
